Component: ARM Compiler 5.06 update 6 (build 750) Tool: armlink [4d35ed]

==============================================================================

Section Cross References

    startup_stm32f407xx.o(RESET) refers to startup_stm32f407xx.o(STACK) for __initial_sp
    startup_stm32f407xx.o(RESET) refers to startup_stm32f407xx.o(.text) for Reset_Handler
    startup_stm32f407xx.o(RESET) refers to stm32f4xx_it.o(i.NMI_Handler) for NMI_Handler
    startup_stm32f407xx.o(RESET) refers to stm32f4xx_it.o(i.HardFault_Handler) for HardFault_Handler
    startup_stm32f407xx.o(RESET) refers to stm32f4xx_it.o(i.MemManage_Handler) for MemManage_Handler
    startup_stm32f407xx.o(RESET) refers to stm32f4xx_it.o(i.BusFault_Handler) for BusFault_Handler
    startup_stm32f407xx.o(RESET) refers to stm32f4xx_it.o(i.UsageFault_Handler) for UsageFault_Handler
    startup_stm32f407xx.o(RESET) refers to port.o(.emb_text) for SVC_Handler
    startup_stm32f407xx.o(RESET) refers to stm32f4xx_it.o(i.DebugMon_Handler) for DebugMon_Handler
    startup_stm32f407xx.o(RESET) refers to stm32f4xx_it.o(i.SysTick_Handler) for SysTick_Handler
    startup_stm32f407xx.o(RESET) refers to can.o(i.CAN1_RX0_IRQHandler) for CAN1_RX0_IRQHandler
    startup_stm32f407xx.o(RESET) refers to usart.o(i.USART2_IRQHandler) for USART2_IRQHandler
    startup_stm32f407xx.o(RESET) refers to usart.o(i.USART3_IRQHandler) for USART3_IRQHandler
    startup_stm32f407xx.o(RESET) refers to tim.o(i.TIM5_IRQHandler) for TIM5_IRQHandler
    startup_stm32f407xx.o(RESET) refers to can.o(i.CAN2_RX0_IRQHandler) for CAN2_RX0_IRQHandler
    startup_stm32f407xx.o(RESET) refers to stm32f4xx_it.o(i.OTG_FS_IRQHandler) for OTG_FS_IRQHandler
    startup_stm32f407xx.o(RESET) refers to usart.o(i.USART6_IRQHandler) for USART6_IRQHandler
    startup_stm32f407xx.o(.text) refers to system_stm32f4xx.o(i.SystemInit) for SystemInit
    startup_stm32f407xx.o(.text) refers to entry.o(.ARM.Collect$$$$00000000) for __main
    usbd_cdc_if.o(i.CDC_Init_FS) refers to usbd_cdc.o(i.USBD_CDC_SetTxBuffer) for USBD_CDC_SetTxBuffer
    usbd_cdc_if.o(i.CDC_Init_FS) refers to usbd_cdc.o(i.USBD_CDC_SetRxBuffer) for USBD_CDC_SetRxBuffer
    usbd_cdc_if.o(i.CDC_Init_FS) refers to usbd_cdc_if.o(.data) for .data
    usbd_cdc_if.o(i.CDC_Init_FS) refers to usb_device.o(.bss) for hUsbDeviceFS
    usbd_cdc_if.o(i.CDC_Receive_FS) refers to usbd_cdc.o(i.USBD_CDC_SetRxBuffer) for USBD_CDC_SetRxBuffer
    usbd_cdc_if.o(i.CDC_Receive_FS) refers to usbd_cdc.o(i.USBD_CDC_ReceivePacket) for USBD_CDC_ReceivePacket
    usbd_cdc_if.o(i.CDC_Receive_FS) refers to usb_device.o(.bss) for hUsbDeviceFS
    usbd_cdc_if.o(i.CDC_Transmit_FS) refers to usbd_cdc.o(i.USBD_CDC_SetTxBuffer) for USBD_CDC_SetTxBuffer
    usbd_cdc_if.o(i.CDC_Transmit_FS) refers to usbd_cdc.o(i.USBD_CDC_TransmitPacket) for USBD_CDC_TransmitPacket
    usbd_cdc_if.o(i.CDC_Transmit_FS) refers to usb_device.o(.bss) for hUsbDeviceFS
    usbd_cdc_if.o(.data) refers to usbd_cdc_if.o(i.CDC_Init_FS) for CDC_Init_FS
    usbd_cdc_if.o(.data) refers to usbd_cdc_if.o(i.CDC_DeInit_FS) for CDC_DeInit_FS
    usbd_cdc_if.o(.data) refers to usbd_cdc_if.o(i.CDC_Control_FS) for CDC_Control_FS
    usbd_cdc_if.o(.data) refers to usbd_cdc_if.o(i.CDC_Receive_FS) for CDC_Receive_FS
    usb_device.o(i.MX_USB_DEVICE_Init) refers to usbd_core.o(i.USBD_Init) for USBD_Init
    usb_device.o(i.MX_USB_DEVICE_Init) refers to usbd_core.o(i.USBD_RegisterClass) for USBD_RegisterClass
    usb_device.o(i.MX_USB_DEVICE_Init) refers to usbd_cdc.o(i.USBD_CDC_RegisterInterface) for USBD_CDC_RegisterInterface
    usb_device.o(i.MX_USB_DEVICE_Init) refers to usbd_core.o(i.USBD_Start) for USBD_Start
    usb_device.o(i.MX_USB_DEVICE_Init) refers to usbd_desc.o(.data) for FS_Desc
    usb_device.o(i.MX_USB_DEVICE_Init) refers to usb_device.o(.bss) for .bss
    usb_device.o(i.MX_USB_DEVICE_Init) refers to usbd_cdc.o(.data) for USBD_CDC
    usb_device.o(i.MX_USB_DEVICE_Init) refers to usbd_cdc_if.o(.data) for USBD_Interface_fops_FS
    usbd_desc.o(i.USBD_FS_ConfigStrDescriptor) refers to usbd_ctlreq.o(i.USBD_GetString) for USBD_GetString
    usbd_desc.o(i.USBD_FS_ConfigStrDescriptor) refers to usbd_desc.o(.bss) for .bss
    usbd_desc.o(i.USBD_FS_DeviceDescriptor) refers to usbd_desc.o(.data) for .data
    usbd_desc.o(i.USBD_FS_InterfaceStrDescriptor) refers to usbd_ctlreq.o(i.USBD_GetString) for USBD_GetString
    usbd_desc.o(i.USBD_FS_InterfaceStrDescriptor) refers to usbd_desc.o(.bss) for .bss
    usbd_desc.o(i.USBD_FS_LangIDStrDescriptor) refers to usbd_desc.o(.data) for .data
    usbd_desc.o(i.USBD_FS_ManufacturerStrDescriptor) refers to usbd_ctlreq.o(i.USBD_GetString) for USBD_GetString
    usbd_desc.o(i.USBD_FS_ManufacturerStrDescriptor) refers to usbd_desc.o(.bss) for .bss
    usbd_desc.o(i.USBD_FS_ProductStrDescriptor) refers to usbd_ctlreq.o(i.USBD_GetString) for USBD_GetString
    usbd_desc.o(i.USBD_FS_ProductStrDescriptor) refers to usbd_desc.o(.bss) for .bss
[...]
    __aeabi_dmul                             0x08000413   Thumb Code   228  dmul.o(.text)
    __aeabi_ddiv                             0x080004f7   Thumb Code   222  ddiv.o(.text)
    __aeabi_i2d                              0x080005d5   Thumb Code    34  dflti.o(.text)
    __aeabi_f2d                              0x080005f7   Thumb Code    38  f2d.o(.text)
    __aeabi_d2f                              0x0800061d   Thumb Code    56  d2f.o(.text)
    __aeabi_uidiv                            0x08000655   Thumb Code     0  uidiv.o(.text)
    __aeabi_uidivmod                         0x08000655   Thumb Code    44  uidiv.o(.text)
    __aeabi_llsl                             0x08000681   Thumb Code    30  llshl.o(.text)
    _ll_shift_l                              0x08000681   Thumb Code     0  llshl.o(.text)
    __aeabi_lasr                             0x0800069f   Thumb Code    36  llsshr.o(.text)
    _ll_sshift_r                             0x0800069f   Thumb Code     0  llsshr.o(.text)
    __I$use$fp                               0x080006c3   Thumb Code     0  iusefp.o(.text)
    _float_round                             0x080006c3   Thumb Code    18  fepilogue.o(.text)
    _float_epilogue                          0x080006d5   Thumb Code    92  fepilogue.o(.text)
    _double_round                            0x08000731   Thumb Code    30  depilogue.o(.text)
    _double_epilogue                         0x0800074f   Thumb Code   156  depilogue.o(.text)
    __scatterload                            0x080007ed   Thumb Code    28  init.o(.text)
    __scatterload_rt2                        0x080007ed   Thumb Code     0  init.o(.text)
    __aeabi_llsr                             0x08000811   Thumb Code    32  llushr.o(.text)
    _ll_ushift_r                             0x08000811   Thumb Code     0  llushr.o(.text)
    __aeabi_ui2d                             0x08000831   Thumb Code    26  dfltui.o(.text)
    __aeabi_d2iz                             0x0800084b   Thumb Code    62  dfixi.o(.text)
    __decompress                             0x08000889   Thumb Code     0  __dczerorl2.o(.text)
    __decompress1                            0x08000889   Thumb Code    86  __dczerorl2.o(.text)
    BusFault_Handler                         0x080008df   Thumb Code     2  stm32f4xx_it.o(i.BusFault_Handler)
    CAN1_RX0_IRQHandler                      0x080008e1   Thumb Code     6  can.o(i.CAN1_RX0_IRQHandler)
    CAN2_RX0_IRQHandler                      0x080008ed   Thumb Code     6  can.o(i.CAN2_RX0_IRQHandler)
    DebugMon_Handler                         0x08000b29   Thumb Code     2  stm32f4xx_it.o(i.DebugMon_Handler)
    Error_Handler                            0x08000b2b   Thumb Code     2  main.o(i.Error_Handler)
    Get_CRC16_Check_Sum_1                    0x08000b2d   Thumb Code    38  judg_info.o(i.Get_CRC16_Check_Sum_1)
    Get_Remote_info                          0x08000b59   Thumb Code   162  usart.o(i.Get_Remote_info)
    GimbalAngleLimit                         0x08000c01   Thumb Code   132  info_interactive.o(i.GimbalAngleLimit)
    HAL_CAN_ConfigFilter                     0x08000ca9   Thumb Code   218  stm32f4xx_hal_can.o(i.HAL_CAN_ConfigFilter)
    HAL_CAN_ErrorCallback                    0x08000d8d   Thumb Code     2  stm32f4xx_hal_can.o(i.HAL_CAN_ErrorCallback)
    HAL_CAN_IRQHandler                       0x08000d91   Thumb Code   370  stm32f4xx_hal_can.o(i.HAL_CAN_IRQHandler)
    HAL_CAN_Init                             0x08000f11   Thumb Code   328  stm32f4xx_hal_can.o(i.HAL_CAN_Init)
    HAL_CAN_MspInit                          0x08001059   Thumb Code   202  can.o(i.HAL_CAN_MspInit)
    HAL_CAN_Receive_IT                       0x08001139   Thumb Code   134  stm32f4xx_hal_can.o(i.HAL_CAN_Receive_IT)
    HAL_CAN_RxCpltCallback                   0x080011c1   Thumb Code   232  bsp_can.o(i.HAL_CAN_RxCpltCallback)
    HAL_CAN_Transmit                         0x080012c1   Thumb Code   390  stm32f4xx_hal_can.o(i.HAL_CAN_Transmit)
    HAL_CAN_TxCpltCallback                   0x08001455   Thumb Code     2  stm32f4xx_hal_can.o(i.HAL_CAN_TxCpltCallback)
    HAL_DMA_Init                             0x08001459   Thumb Code   202  stm32f4xx_hal_dma.o(i.HAL_DMA_Init)
    HAL_DMA_Start_IT                         0x08001529   Thumb Code   120  stm32f4xx_hal_dma.o(i.HAL_DMA_Start_IT)
    HAL_Delay                                0x080015a1   Thumb Code    22  stm32f4xx_hal.o(i.HAL_Delay)
    HAL_GPIO_Init                            0x080015b9   Thumb Code   388  stm32f4xx_hal_gpio.o(i.HAL_GPIO_Init)
    HAL_GPIO_WritePin                        0x08001769   Thumb Code    10  stm32f4xx_hal_gpio.o(i.HAL_GPIO_WritePin)
    HAL_GetTick                              0x08001775   Thumb Code     6  stm32f4xx_hal.o(i.HAL_GetTick)
    HAL_IncTick                              0x08001781   Thumb Code    10  stm32f4xx_hal.o(i.HAL_IncTick)
    HAL_Init                                 0x08001791   Thumb Code    48  stm32f4xx_hal.o(i.HAL_Init)
    HAL_InitTick                             0x080017c5   Thumb Code    34  stm32f4xx_hal.o(i.HAL_InitTick)
    HAL_MspInit                              0x080017ed   Thumb Code     2  stm32f4xx_hal.o(i.HAL_MspInit)
    HAL_NVIC_EnableIRQ                       0x080017ef   Thumb Code    22  stm32f4xx_hal_cortex.o(i.HAL_NVIC_EnableIRQ)
    HAL_NVIC_SetPriority                     0x08001805   Thumb Code    60  stm32f4xx_hal_cortex.o(i.HAL_NVIC_SetPriority)
    HAL_NVIC_SetPriorityGrouping             0x08001845   Thumb Code    26  stm32f4xx_hal_cortex.o(i.HAL_NVIC_SetPriorityGrouping)
    HAL_PCD_ConnectCallback                  0x08001869   Thumb Code     8  usbd_conf.o(i.HAL_PCD_ConnectCallback)
    HAL_PCD_DataInStageCallback              0x08001871   Thumb Code    18  usbd_conf.o(i.HAL_PCD_DataInStageCallback)
    HAL_PCD_DataOutStageCallback             0x08001883   Thumb Code    20  usbd_conf.o(i.HAL_PCD_DataOutStageCallback)
    HAL_PCD_DisconnectCallback               0x08001897   Thumb Code     8  usbd_conf.o(i.HAL_PCD_DisconnectCallback)
    HAL_PCD_EP_ClrStall                      0x0800189f   Thumb Code    80  stm32f4xx_hal_pcd.o(i.HAL_PCD_EP_ClrStall)
    HAL_PCD_EP_Open                          0x080018ef   Thumb Code    84  stm32f4xx_hal_pcd.o(i.HAL_PCD_EP_Open)
    HAL_PCD_EP_Receive                       0x08001945   Thumb Code    94  stm32f4xx_hal_pcd.o(i.HAL_PCD_EP_Receive)
    HAL_PCD_EP_SetStall                      0x080019a3   Thumb Code    96  stm32f4xx_hal_pcd.o(i.HAL_PCD_EP_SetStall)
    HAL_PCD_EP_Transmit                      0x08001a03   Thumb Code    86  stm32f4xx_hal_pcd.o(i.HAL_PCD_EP_Transmit)
    HAL_PCD_IRQHandler                       0x08001a59   Thumb Code  1196  stm32f4xx_hal_pcd.o(i.HAL_PCD_IRQHandler)
    HAL_PCD_ISOINIncompleteCallback          0x08001f4d   Thumb Code     8  usbd_conf.o(i.HAL_PCD_ISOINIncompleteCallback)
    HAL_PCD_ISOOUTIncompleteCallback         0x08001f55   Thumb Code     8  usbd_conf.o(i.HAL_PCD_ISOOUTIncompleteCallback)
    HAL_PCD_ResetCallback                    0x08001f5d   Thumb Code    32  usbd_conf.o(i.HAL_PCD_ResetCallback)
    HAL_PCD_ResumeCallback                   0x08001f7d   Thumb Code     8  usbd_conf.o(i.HAL_PCD_ResumeCallback)
    HAL_PCD_SOFCallback                      0x08001f85   Thumb Code     8  usbd_conf.o(i.HAL_PCD_SOFCallback)
    HAL_PCD_SetAddress                       0x08001f8d   Thumb Code    36  stm32f4xx_hal_pcd.o(i.HAL_PCD_SetAddress)
    HAL_PCD_SetupStageCallback               0x08001fb1   Thumb Code    14  usbd_conf.o(i.HAL_PCD_SetupStageCallback)
    HAL_PCD_SuspendCallback                  0x08001fc1   Thumb Code    44  usbd_conf.o(i.HAL_PCD_SuspendCallback)
    HAL_RCC_ClockConfig                      0x08001ff1   Thumb Code   364  stm32f4xx_hal_rcc.o(i.HAL_RCC_ClockConfig)
    HAL_RCC_GetHCLKFreq                      0x0800216d   Thumb Code     6  stm32f4xx_hal_rcc.o(i.HAL_RCC_GetHCLKFreq)
    HAL_RCC_GetPCLK1Freq                     0x08002179   Thumb Code    34  stm32f4xx_hal_rcc.o(i.HAL_RCC_GetPCLK1Freq)
    HAL_RCC_GetPCLK2Freq                     0x080021a9   Thumb Code    34  stm32f4xx_hal_rcc.o(i.HAL_RCC_GetPCLK2Freq)
    HAL_RCC_GetSysClockFreq                  0x080021d9   Thumb Code   104  stm32f4xx_hal_rcc.o(i.HAL_RCC_GetSysClockFreq)
    HAL_RCC_OscConfig                        0x08002249   Thumb Code   722  stm32f4xx_hal_rcc.o(i.HAL_RCC_OscConfig)
    HAL_SYSTICK_CLKSourceConfig              0x0800252d   Thumb Code    24  stm32f4xx_hal_cortex.o(i.HAL_SYSTICK_CLKSourceConfig)
    HAL_SYSTICK_Config                       0x08002545   Thumb Code    40  stm32f4xx_hal_cortex.o(i.HAL_SYSTICK_Config)
    HAL_TIMEx_BreakCallback                  0x0800256d   Thumb Code     2  stm32f4xx_hal_tim_ex.o(i.HAL_TIMEx_BreakCallback)
    HAL_TIMEx_CommutationCallback            0x0800256f   Thumb Code     2  stm32f4xx_hal_tim_ex.o(i.HAL_TIMEx_CommutationCallback)
    HAL_TIM_IC_CaptureCallback               0x08002571   Thumb Code     2  stm32f4xx_hal_tim.o(i.HAL_TIM_IC_CaptureCallback)
    HAL_TIM_IRQHandler                       0x08002573   Thumb Code   358  stm32f4xx_hal_tim.o(i.HAL_TIM_IRQHandler)
    HAL_TIM_MspPostInit                      0x080026d9   Thumb Code   122  tim.o(i.HAL_TIM_MspPostInit)
    HAL_TIM_OC_DelayElapsedCallback          0x0800276d   Thumb Code     2  stm32f4xx_hal_tim.o(i.HAL_TIM_OC_DelayElapsedCallback)
    HAL_TIM_PWM_ConfigChannel                0x0800276f   Thumb Code   208  stm32f4xx_hal_tim.o(i.HAL_TIM_PWM_ConfigChannel)
    HAL_TIM_PWM_Init                         0x0800283f   Thumb Code    54  stm32f4xx_hal_tim.o(i.HAL_TIM_PWM_Init)
    HAL_TIM_PWM_MspInit                      0x08002875   Thumb Code    78  tim.o(i.HAL_TIM_PWM_MspInit)
    HAL_TIM_PWM_PulseFinishedCallback        0x080028d5   Thumb Code     2  stm32f4xx_hal_tim.o(i.HAL_TIM_PWM_PulseFinishedCallback)
    HAL_TIM_PWM_Start                        0x080028d9   Thumb Code    48  stm32f4xx_hal_tim.o(i.HAL_TIM_PWM_Start)
    HAL_TIM_PeriodElapsedCallback            0x08002911   Thumb Code     2  tim.o(i.HAL_TIM_PeriodElapsedCallback)
    HAL_TIM_TriggerCallback                  0x08002913   Thumb Code     2  stm32f4xx_hal_tim.o(i.HAL_TIM_TriggerCallback)
    HAL_UART_ErrorCallback                   0x08002915   Thumb Code     2  stm32f4xx_hal_uart.o(i.HAL_UART_ErrorCallback)
    HAL_UART_Init                            0x08002917   Thumb Code    98  stm32f4xx_hal_uart.o(i.HAL_UART_Init)
    HAL_UART_MspInit                         0x08002979   Thumb Code   552  usart.o(i.HAL_UART_MspInit)
    HAL_UART_Receive_DMA                     0x08002bd1   Thumb Code   132  stm32f4xx_hal_uart.o(i.HAL_UART_Receive_DMA)
    HAL_UART_RxCpltCallback                  0x08002c61   Thumb Code     2  stm32f4xx_hal_uart.o(i.HAL_UART_RxCpltCallback)
    HAL_UART_RxHalfCpltCallback              0x08002c63   Thumb Code     2  stm32f4xx_hal_uart.o(i.HAL_UART_RxHalfCpltCallback)
    HAL_UART_Transmit                        0x08002c65   Thumb Code   186  stm32f4xx_hal_uart.o(i.HAL_UART_Transmit)
    HardFault_Handler                        0x08002d1f   Thumb Code     2  stm32f4xx_it.o(i.HardFault_Handler)
    Judge_Receive                            0x08002d21   Thumb Code   338  judg_info.o(i.Judge_Receive)
    MX_CAN1_Init                             0x08002e7d   Thumb Code    94  can.o(i.MX_CAN1_Init)
    MX_CAN2_Init                             0x08002ee5   Thumb Code    94  can.o(i.MX_CAN2_Init)
    MX_FREERTOS_Init                         0x08002f4d   Thumb Code   162  freertos.o(i.MX_FREERTOS_Init)
    MX_GPIO_Init                             0x08002ff9   Thumb Code   272  gpio.o(i.MX_GPIO_Init)
    MX_TIM4_Init                             0x08003121   Thumb Code    70  tim.o(i.MX_TIM4_Init)
    MX_TIM9_Init                             0x08003171   Thumb Code    86  tim.o(i.MX_TIM9_Init)
    MX_USART1_UART_Init                      0x080031d1   Thumb Code    46  usart.o(i.MX_USART1_UART_Init)
    MX_USART2_UART_Init                      0x08003209   Thumb Code    84  usart.o(i.MX_USART2_UART_Init)
    MX_USART3_UART_Init                      0x08003269   Thumb Code    62  usart.o(i.MX_USART3_UART_Init)
    MX_USART6_UART_Init                      0x080032b5   Thumb Code    66  usart.o(i.MX_USART6_UART_Init)
    MemManage_Handler                        0x08003305   Thumb Code     2  stm32f4xx_it.o(i.MemManage_Handler)
    NMI_Handler                              0x08003307   Thumb Code     2  stm32f4xx_it.o(i.NMI_Handler)
    OTG_FS_IRQHandler                        0x08003329   Thumb Code     6  stm32f4xx_it.o(i.OTG_FS_IRQHandler)
    PID_struct_init                          0x080033bd   Thumb Code    60  pid.o(i.PID_struct_init)
    StartDefaultTask                         0x08003401   Thumb Code     8  freertos.o(i.StartDefaultTask)
    SysTick_Handler                          0x08003409   Thumb Code    14  stm32f4xx_it.o(i.SysTick_Handler)
    SystemClock_Config                       0x08003419   Thumb Code   150  main.o(i.SystemClock_Config)
    SystemInit                               0x080034b9   Thumb Code    66  system_stm32f4xx.o(i.SystemInit)
    TIM5_IRQHandler                          0x0800350d   Thumb Code     6  tim.o(i.TIM5_IRQHandler)
    TIM_Base_SetConfig                       0x08003519   Thumb Code   148  stm32f4xx_hal_tim.o(i.TIM_Base_SetConfig)
    TIM_CCxChannelCmd                        0x080035d9   Thumb Code    22  stm32f4xx_hal_tim.o(i.TIM_CCxChannelCmd)
    TIM_OC2_SetConfig                        0x08003649   Thumb Code    90  stm32f4xx_hal_tim.o(i.TIM_OC2_SetConfig)
    USART2_IRQHandler                        0x08003b2d   Thumb Code   136  usart.o(i.USART2_IRQHandler)
    USART3_IRQHandler                        0x08003bcd   Thumb Code    92  usart.o(i.USART3_IRQHandler)
    USART6_IRQHandler                        0x08003c39   Thumb Code   508  usart.o(i.USART6_IRQHandler)
    USBD_ClrClassConfig                      0x08003e59   Thumb Code    14  usbd_core.o(i.USBD_ClrClassConfig)
    USBD_CtlContinueRx                       0x08003e67   Thumb Code    16  usbd_ioreq.o(i.USBD_CtlContinueRx)
    USBD_CtlContinueSendData                 0x08003e77   Thumb Code    16  usbd_ioreq.o(i.USBD_CtlContinueSendData)
    USBD_CtlError                            0x08003e87   Thumb Code    22  usbd_ctlreq.o(i.USBD_CtlError)
    USBD_CtlReceiveStatus                    0x08003e9d   Thumb Code    22  usbd_ioreq.o(i.USBD_CtlReceiveStatus)
    USBD_CtlSendData                         0x08003eb3   Thumb Code    26  usbd_ioreq.o(i.USBD_CtlSendData)
    USBD_CtlSendStatus                       0x08003ecd   Thumb Code    22  usbd_ioreq.o(i.USBD_CtlSendStatus)
    USBD_LL_ClearStallEP                     0x08003fc3   Thumb Code    14  usbd_conf.o(i.USBD_LL_ClearStallEP)
    USBD_LL_DataInStage                      0x08003fd1   Thumb Code   170  usbd_core.o(i.USBD_LL_DataInStage)
    USBD_LL_DataOutStage                     0x0800407b   Thumb Code   106  usbd_core.o(i.USBD_LL_DataOutStage)
    USBD_LL_DevConnected                     0x080040e5   Thumb Code     4  usbd_core.o(i.USBD_LL_DevConnected)
    USBD_LL_DevDisconnected                  0x080040e9   Thumb Code    22  usbd_core.o(i.USBD_LL_DevDisconnected)
    USBD_LL_IsStallEP                        0x080040ff   Thumb Code    32  usbd_conf.o(i.USBD_LL_IsStallEP)
    USBD_LL_IsoINIncomplete                  0x0800411f   Thumb Code     4  usbd_core.o(i.USBD_LL_IsoINIncomplete)
    USBD_LL_IsoOUTIncomplete                 0x08004123   Thumb Code     4  usbd_core.o(i.USBD_LL_IsoOUTIncomplete)
    USBD_LL_OpenEP                           0x08004127   Thumb Code    20  usbd_conf.o(i.USBD_LL_OpenEP)
    USBD_LL_PrepareReceive                   0x0800413b   Thumb Code    14  usbd_conf.o(i.USBD_LL_PrepareReceive)
    USBD_LL_Reset                            0x08004149   Thumb Code    62  usbd_core.o(i.USBD_LL_Reset)
    USBD_LL_Resume                           0x08004187   Thumb Code    12  usbd_core.o(i.USBD_LL_Resume)
    USBD_LL_SOF                              0x08004193   Thumb Code    24  usbd_core.o(i.USBD_LL_SOF)
    USBD_LL_SetSpeed                         0x080041ab   Thumb Code     6  usbd_core.o(i.USBD_LL_SetSpeed)
    USBD_LL_SetUSBAddress                    0x080041b1   Thumb Code    14  usbd_conf.o(i.USBD_LL_SetUSBAddress)
    USBD_LL_SetupStage                       0x080041bf   Thumb Code    90  usbd_core.o(i.USBD_LL_SetupStage)
    USBD_LL_StallEP                          0x08004219   Thumb Code    14  usbd_conf.o(i.USBD_LL_StallEP)
    USBD_LL_Suspend                          0x08004227   Thumb Code    18  usbd_core.o(i.USBD_LL_Suspend)
    USBD_LL_Transmit                         0x08004239   Thumb Code    14  usbd_conf.o(i.USBD_LL_Transmit)
    USBD_ParseSetupRequest                   0x08004247   Thumb Code    40  usbd_ctlreq.o(i.USBD_ParseSetupRequest)
    USBD_SetClassConfig                      0x0800426f   Thumb Code    22  usbd_core.o(i.USBD_SetClassConfig)
    USBD_StdDevReq                           0x080042f9   Thumb Code   242  usbd_ctlreq.o(i.USBD_StdDevReq)
    USBD_StdEPReq                            0x080043eb   Thumb Code   220  usbd_ctlreq.o(i.USBD_StdEPReq)
    USBD_StdItfReq                           0x080044c7   Thumb Code    52  usbd_ctlreq.o(i.USBD_StdItfReq)
    USB_ActivateEndpoint                     0x080044fd   Thumb Code   122  stm32f4xx_ll_usb.o(i.USB_ActivateEndpoint)
    USB_ActivateSetup                        0x0800457d   Thumb Code    52  stm32f4xx_ll_usb.o(i.USB_ActivateSetup)
    USB_EP0StartXfer                         0x080045b1   Thumb Code   316  stm32f4xx_ll_usb.o(i.USB_EP0StartXfer)
    USB_EP0_OutStart                         0x080046f1   Thumb Code    62  stm32f4xx_ll_usb.o(i.USB_EP0_OutStart)
    USB_EPClearStall                         0x0800472f   Thumb Code   100  stm32f4xx_ll_usb.o(i.USB_EPClearStall)
    USB_EPSetStall                           0x08004793   Thumb Code    94  stm32f4xx_ll_usb.o(i.USB_EPSetStall)
    USB_EPStartXfer                          0x080047f1   Thumb Code   534  stm32f4xx_ll_usb.o(i.USB_EPStartXfer)
    USB_FlushTxFifo                          0x08004a0d   Thumb Code    32  stm32f4xx_ll_usb.o(i.USB_FlushTxFifo)
    USB_GetDevSpeed                          0x08004a31   Thumb Code    60  stm32f4xx_ll_usb.o(i.USB_GetDevSpeed)
    USB_GetMode                              0x08004a6d   Thumb Code     8  stm32f4xx_ll_usb.o(i.USB_GetMode)
    USB_ReadDevAllInEpInterrupt              0x08004a75   Thumb Code    14  stm32f4xx_ll_usb.o(i.USB_ReadDevAllInEpInterrupt)
    USB_ReadDevAllOutEpInterrupt             0x08004a83   Thumb Code    14  stm32f4xx_ll_usb.o(i.USB_ReadDevAllOutEpInterrupt)
    USB_ReadDevInEPInterrupt                 0x08004a91   Thumb Code    30  stm32f4xx_ll_usb.o(i.USB_ReadDevInEPInterrupt)
    USB_ReadDevOutEPInterrupt                0x08004aaf   Thumb Code    16  stm32f4xx_ll_usb.o(i.USB_ReadDevOutEPInterrupt)
    USB_ReadInterrupts                       0x08004abf   Thumb Code     8  stm32f4xx_ll_usb.o(i.USB_ReadInterrupts)
    USB_ReadPacket                           0x08004ac7   Thumb Code    32  stm32f4xx_ll_usb.o(i.USB_ReadPacket)
    USB_SetDevAddress                        0x08004ae7   Thumb Code    34  stm32f4xx_ll_usb.o(i.USB_SetDevAddress)
    USB_WritePacket                          0x08004b09   Thumb Code    40  stm32f4xx_ll_usb.o(i.USB_WritePacket)
    UsageFault_Handler                       0x08004b31   Thumb Code     2  stm32f4xx_it.o(i.UsageFault_Handler)
    Verify_CRC16_Check_Sum_1                 0x08004b35   Thumb Code    54  judg_info.o(i.Verify_CRC16_Check_Sum_1)
    __0printf$1                              0x08004b71   Thumb Code    22  printf1.o(i.__0printf$1)
    __1printf$1                              0x08004b71   Thumb Code     0  printf1.o(i.__0printf$1)
    __2printf                                0x08004b71   Thumb Code     0  printf1.o(i.__0printf$1)
    __ARM_fpclassify                         0x08004b91   Thumb Code    48  fpclassify.o(i.__ARM_fpclassify)
    __hardfp_cos                             0x08004bc1   Thumb Code   180  cos.o(i.__hardfp_cos)
    __hardfp_sin                             0x08004c89   Thumb Code   180  sin.o(i.__hardfp_sin)
    __ieee754_rem_pio2                       0x08004d51   Thumb Code   938  rred.o(i.__ieee754_rem_pio2)
    __kernel_cos                             0x08005189   Thumb Code   322  cos_i.o(i.__kernel_cos)
    __kernel_poly                            0x080052f9   Thumb Code   248  poly.o(i.__kernel_poly)
    __kernel_sin                             0x080053f1   Thumb Code   280  sin_i.o(i.__kernel_sin)
    __mathlib_dbl_infnan                     0x08005521   Thumb Code    20  dunder.o(i.__mathlib_dbl_infnan)
    __mathlib_dbl_invalid                    0x08005539   Thumb Code    24  dunder.o(i.__mathlib_dbl_invalid)
    __mathlib_dbl_underflow                  0x08005559   Thumb Code    24  dunder.o(i.__mathlib_dbl_underflow)
    __scatterload_copy                       0x08005579   Thumb Code    14  handlers.o(i.__scatterload_copy)
    __scatterload_null                       0x08005587   Thumb Code     2  handlers.o(i.__scatterload_null)
    __scatterload_zeroinit                   0x08005589   Thumb Code    14  handlers.o(i.__scatterload_zeroinit)
    __set_errno                              0x08005599   Thumb Code     6  errno.o(i.__set_errno)
    abs_limit                                0x080056f9   Thumb Code    42  pid.o(i.abs_limit)
    can_msg_send_task                        0x08005725   Thumb Code    76  comm_task.o(i.can_msg_send_task)
    can_receive_start                        0x08005779   Thumb Code    22  bsp_can.o(i.can_receive_start)
    chassis_param_init                       0x08005799   Thumb Code   122  chassis_task.o(i.chassis_param_init)
    chassis_pid_calc                         0x08005835   Thumb Code   252  pid.o(i.chassis_pid_calc)
    chassis_task                             0x08005935   Thumb Code   614  chassis_task.o(i.chassis_task)
    encoder_data_handler                     0x08005be5   Thumb Code   180  bsp_can.o(i.encoder_data_handler)
    encoder_data_handler1                    0x08005ca1   Thumb Code   184  bsp_can.o(i.encoder_data_handler1)
    encoder_data_handler2                    0x08005d61   Thumb Code   120  bsp_can.o(i.encoder_data_handler2)
    fabs                                     0x08005dd9   Thumb Code    24  fabs.o(i.fabs)
    fputc                                    0x08005df1   Thumb Code    14  usart.o(i.fputc)
    get_chassis_info                         0x08005e05   Thumb Code   132  info_interactive.o(i.get_chassis_info)
    get_gimbal_info                          0x08005e9d   Thumb Code   340  info_interactive.o(i.get_gimbal_info)
    get_main_ctrl_mode                       0x08006021   Thumb Code   178  modeswitch_task.o(i.get_main_ctrl_mode)
    get_moto_offset                          0x080060e9   Thumb Code    12  bsp_can.o(i.get_moto_offset)
    get_shoot_info                           0x080060f5   Thumb Code   170  info_interactive.o(i.get_shoot_info)
    gimbal_param_init                        0x080061c9   Thumb Code   194  gimbal_task.o(i.gimbal_param_init)
    gimbal_task                              0x080062c5   Thumb Code   262  gimbal_task.o(i.gimbal_task)
    gyro_data_receive                        0x080063fd   Thumb Code    86  bsp_can.o(i.gyro_data_receive)
    info_get_task                            0x08006469   Thumb Code    92  info_get_task.o(i.info_get_task)
    init_mode_handler                        0x080064c9   Thumb Code    34  gimbal_task.o(i.init_mode_handler)
    keyboard_chassis_hook                    0x080064f5   Thumb Code   336  info_interactive.o(i.keyboard_chassis_hook)
    keyboard_gimbal_hook                     0x0800666d   Thumb Code   458  info_interactive.o(i.keyboard_gimbal_hook)
    keyboard_shoot_hook                      0x0800686d   Thumb Code    76  info_interactive.o(i.keyboard_shoot_hook)
    led_flicker                              0x080068c9   Thumb Code    66  modeswitch_task.o(i.led_flicker)
    main                                     0x08006915   Thumb Code    78  main.o(i.main)
    mode_swtich_task                         0x08006971   Thumb Code    92  modeswitch_task.o(i.mode_swtich_task)
    normal_mode_handler                      0x080069dd   Thumb Code    20  gimbal_task.o(i.normal_mode_handler)
    osDelay                                  0x080069f5   Thumb Code    14  cmsis_os.o(i.osDelay)
    osDelayUntil                             0x08006a03   Thumb Code    14  cmsis_os.o(i.osDelayUntil)
    osKernelStart                            0x08006a11   Thumb Code    10  cmsis_os.o(i.osKernelStart)
    osKernelSysTick                          0x08006a1b   Thumb Code    24  cmsis_os.o(i.osKernelSysTick)
    osSignalSet                              0x08006a35   Thumb Code    82  cmsis_os.o(i.osSignalSet)
    osSignalWait                             0x08006a8d   Thumb Code    86  cmsis_os.o(i.osSignalWait)
    osSystickHandler                         0x08006ae3   Thumb Code    20  cmsis_os.o(i.osSystickHandler)
    osThreadCreate                           0x08006af7   Thumb Code    56  cmsis_os.o(i.osThreadCreate)
    osTimerCreate                            0x08006b31   Thumb Code    30  cmsis_os.o(i.osTimerCreate)
    osTimerStart                             0x08006b55   Thumb Code    88  cmsis_os.o(i.osTimerStart)
    pid_calc                                 0x08006bb1   Thumb Code   230  pid.o(i.pid_calc)
    pvPortMalloc                             0x08007225   Thumb Code   210  heap_4.o(i.pvPortMalloc)
    pvTaskIncrementMutexHeldCount            0x080072fd   Thumb Code    18  tasks.o(i.pvTaskIncrementMutexHeldCount)
    pxPortInitialiseStack                    0x08007315   Thumb Code    36  port.o(i.pxPortInitialiseStack)
    ramp_calc                                0x0800733d   Thumb Code    50  ramp.o(i.ramp_calc)
    ramp_init                                0x08007375   Thumb Code     8  ramp.o(i.ramp_init)
    remote_ctrl_chassis_hook                 0x0800737d   Thumb Code   160  info_interactive.o(i.remote_ctrl_chassis_hook)
    remote_ctrl_gimbal_hook                  0x08007445   Thumb Code    76  info_interactive.o(i.remote_ctrl_gimbal_hook)
    remote_ctrl_shoot_hook                   0x080074a5   Thumb Code    26  info_interactive.o(i.remote_ctrl_shoot_hook)
    send_chassis_cur                         0x080074c9   Thumb Code    78  bsp_can.o(i.send_chassis_cur)
    send_chassis_motor_ctrl_message          0x0800751d   Thumb Code   114  info_interactive.o(i.send_chassis_motor_ctrl_message)
    send_gimbal_cur                          0x08007595   Thumb Code    76  bsp_can.o(i.send_gimbal_cur)
    send_gimbal_motor_ctrl_message           0x080075e5   Thumb Code    18  info_interactive.o(i.send_gimbal_motor_ctrl_message)
    send_shoot_cur                           0x080075f9   Thumb Code    76  bsp_can.o(i.send_shoot_cur)
    send_shoot_motor_ctrl_message            0x08007649   Thumb Code    16  info_interactive.o(i.send_shoot_motor_ctrl_message)
    shoot_buff_handler                       0x08007659   Thumb Code   210  shoot_task.o(i.shoot_buff_handler)
    shoot_buff_mode_handler                  0x08007745   Thumb Code   104  gimbal_task.o(i.shoot_buff_mode_handler)
    shoot_keyboard_handler                   0x080077b9   Thumb Code   132  shoot_task.o(i.shoot_keyboard_handler)
    shoot_param_init                         0x08007849   Thumb Code   130  shoot_task.o(i.shoot_param_init)
    shoot_remote_handler                     0x080078e9   Thumb Code    64  shoot_task.o(i.shoot_remote_handler)
    shoot_task                               0x08007935   Thumb Code   236  shoot_task.o(i.shoot_task)
    supply_mode_handler                      0x08007a45   Thumb Code    20  gimbal_task.o(i.supply_mode_handler)
    uxListRemove                             0x08007a5d   Thumb Code    36  list.o(i.uxListRemove)
    uxTaskGetStackHighWaterMark              0x08007a81   Thumb Code    12  tasks.o(i.uxTaskGetStackHighWaterMark)
    vListInitialise                          0x08007a91   Thumb Code    22  list.o(i.vListInitialise)
    vListInitialiseItem                      0x08007aa7   Thumb Code     6  list.o(i.vListInitialiseItem)
    vListInsert                              0x08007aad   Thumb Code    48  list.o(i.vListInsert)
    vListInsertEnd                           0x08007add   Thumb Code    24  list.o(i.vListInsertEnd)
    vPortEnterCritical                       0x08007af5   Thumb Code    54  port.o(i.vPortEnterCritical)
    vPortExitCritical                        0x08007b35   Thumb Code    34  port.o(i.vPortExitCritical)
    vPortFree                                0x08007b5d   Thumb Code    88  heap_4.o(i.vPortFree)
    vPortSetupTimerInterrupt                 0x08007bb9   Thumb Code    26  port.o(i.vPortSetupTimerInterrupt)
    vPortValidateInterruptPriority           0x08007bd9   Thumb Code    74  port.o(i.vPortValidateInterruptPriority)
    vQueueAddToRegistry                      0x08007c2d   Thumb Code    34  queue.o(i.vQueueAddToRegistry)
    vQueueWaitForMessageRestricted           0x08007c55   Thumb Code    60  queue.o(i.vQueueWaitForMessageRestricted)
    vTaskDelay                               0x08007c91   Thumb Code    94  tasks.o(i.vTaskDelay)
    vTaskDelayUntil                          0x08007cf9   Thumb Code   158  tasks.o(i.vTaskDelayUntil)
    vTaskMissedYield                         0x08007da1   Thumb Code     8  tasks.o(i.vTaskMissedYield)
    vTaskPlaceOnEventList                    0x08007dad   Thumb Code    90  tasks.o(i.vTaskPlaceOnEventList)
    vTaskPlaceOnEventListRestricted          0x08007e11   Thumb Code    92  tasks.o(i.vTaskPlaceOnEventListRestricted)
    vTaskPriorityInherit                     0x08007e75   Thumb Code   124  tasks.o(i.vTaskPriorityInherit)
    vTaskSetTimeOutState                     0x08007ef9   Thumb Code    30  tasks.o(i.vTaskSetTimeOutState)
    vTaskStartScheduler                      0x08007f1d   Thumb Code    94  tasks.o(i.vTaskStartScheduler)
    vTaskSuspendAll                          0x08007f8d   Thumb Code    10  tasks.o(i.vTaskSuspendAll)
    vTaskSwitchContext                       0x08007f9d   Thumb Code    82  tasks.o(i.vTaskSwitchContext)
    xPortStartScheduler                      0x08007ff9   Thumb Code   202  port.o(i.xPortStartScheduler)
    xPortSysTickHandler                      0x080080d9   Thumb Code    38  port.o(i.xPortSysTickHandler)
    xQueueGenericCreate                      0x08008105   Thumb Code   100  queue.o(i.xQueueGenericCreate)
    xQueueGenericReceive                     0x08008169   Thumb Code   358  queue.o(i.xQueueGenericReceive)
    xQueueGenericReset                       0x080082d5   Thumb Code   126  queue.o(i.xQueueGenericReset)
    xQueueGenericSend                        0x08008359   Thumb Code   348  queue.o(i.xQueueGenericSend)
    xQueueGenericSendFromISR                 0x080084b9   Thumb Code   182  queue.o(i.xQueueGenericSendFromISR)
    xTaskCheckForTimeOut                     0x08008571   Thumb Code   102  tasks.o(i.xTaskCheckForTimeOut)
    xTaskGenericCreate                       0x080085dd   Thumb Code   430  tasks.o(i.xTaskGenericCreate)
    xTaskGenericNotify                       0x08008799   Thumb Code   190  tasks.o(i.xTaskGenericNotify)
    xTaskGenericNotifyFromISR                0x08008865   Thumb Code   228  tasks.o(i.xTaskGenericNotifyFromISR)
    xTaskGetSchedulerState                   0x08008951   Thumb Code    22  tasks.o(i.xTaskGetSchedulerState)
    xTaskGetTickCount                        0x0800896d   Thumb Code     6  tasks.o(i.xTaskGetTickCount)
    xTaskGetTickCountFromISR                 0x08008979   Thumb Code    12  tasks.o(i.xTaskGetTickCountFromISR)
    xTaskIncrementTick                       0x08008989   Thumb Code   194  tasks.o(i.xTaskIncrementTick)
    xTaskNotifyWait                          0x08008a55   Thumb Code   172  tasks.o(i.xTaskNotifyWait)
    xTaskPriorityDisinherit                  0x08008b0d   Thumb Code   144  tasks.o(i.xTaskPriorityDisinherit)
    xTaskRemoveFromEventList                 0x08008ba5   Thumb Code   108  tasks.o(i.xTaskRemoveFromEventList)
    xTaskResumeAll                           0x08008c19   Thumb Code   182  tasks.o(i.xTaskResumeAll)
    xTimerCreate                             0x08008cdd   Thumb Code    72  timers.o(i.xTimerCreate)
    xTimerCreateTimerTask                    0x08008d25   Thumb Code    60  timers.o(i.xTimerCreateTimerTask)
    xTimerGenericCommand                     0x08008d71   Thumb Code    92  timers.o(i.xTimerGenericCommand)
    zitai_data_receive                       0x08008dd1   Thumb Code   262  bsp_can.o(i.zitai_data_receive)
    CRC8_TAB_1                               0x08008f5c   Data         256  judg_info.o(.constdata)
    wCRC_Table_1                             0x0800905c   Data         512  judg_info.o(.constdata)
    APBAHBPrescTable                         0x0800925c   Data          16  stm32f4xx_hal_rcc.o(.constdata)
    Region$$Table$$Base                      0x080093d0   Number         0  anon$$obj.o(Region$$Table)
    Region$$Table$$Limit                     0x080093f0   Number         0  anon$$obj.o(Region$$Table)
    defaultTaskHandle                        0x20000000   Data           4  freertos.o(.data)
    shoot_task_t                             0x20000004   Data           4  freertos.o(.data)
    can_msg_seng_task_t                      0x20000008   Data           4  freertos.o(.data)
    mode_sw_task_t                           0x2000000c   Data           4  freertos.o(.data)
    info_get_task_t                          0x20000010   Data           4  freertos.o(.data)
    chassis_timer_id                         0x20000014   Data           4  freertos.o(.data)
    gimbal_timer_id                          0x20000018   Data           4  freertos.o(.data)
    temp                                     0x2000001e   Data           2  usart.o(.data)
    __stdout                                 0x20000024   Data           4  usart.o(.data)
    Send_Pc_Data                             0x20000028   Data           3  usart.o(.data)
    chassis_stack_surplus                    0x20000030   Data           4  chassis_task.o(.data)
    chassis_time_last                        0x20000034   Data           4  chassis_task.o(.data)
    chassis_time_ms                          0x20000038   Data           4  chassis_task.o(.data)
    handler_run_time                         0x2000003c   Data           4  gimbal_task.o(.data)
    gimbal_stack_surplus                     0x20000040   Data           4  gimbal_task.o(.data)
    gimbal_time_last                         0x20000044   Data           4  gimbal_task.o(.data)
    gimbal_time_ms                           0x20000048   Data           4  gimbal_task.o(.data)
    shoot_stack_surplus                      0x20000054   Data           4  shoot_task.o(.data)
    info_stack_surplus                       0x20000058   Data           4  info_get_task.o(.data)
    info_time_last                           0x2000005c   Data           4  info_get_task.o(.data)
    info_time_ms                             0x20000060   Data           4  info_get_task.o(.data)
    can_send_surplus                         0x20000064   Data           4  comm_task.o(.data)
    CRC_INIT_1                               0x20000068   Data           2  judg_info.o(.data)
    JudgeFrameCounter                        0x2000006c   Data           4  judg_info.o(.data)
    JudgeFrameRate                           0x20000070   Data           4  judg_info.o(.data)
    GameRobotState                           0x20000074   Data           8  judg_info.o(.data)
    pc_i                                     0x20000080   Data           4  info_interactive.o(.data)
    shoot_time                               0x20000084   Data           4  info_interactive.o(.data)
    trig_angle_before                        0x20000088   Data           4  info_interactive.o(.data)
    trig_angle_before_1                      0x2000008c   Data           4  info_interactive.o(.data)
    pit_ramp                                 0x200000a0   Data          20  info_interactive.o(.data)
    yaw_ramp                                 0x200000b4   Data          20  info_interactive.o(.data)
    FBSpeedRamp                              0x200000c8   Data          20  info_interactive.o(.data)
    LRSpeedRamp                              0x200000dc   Data          20  info_interactive.o(.data)
    ctrl_mode                                0x200000f0   Data           1  modeswitch_task.o(.data)
    ramp_mode                                0x200000f1   Data           1  modeswitch_task.o(.data)
    Reset                                    0x200000f4   Data           4  modeswitch_task.o(.data)
    mode_stack_surplus                       0x200000fc   Data           4  modeswitch_task.o(.data)
    mode_switch_times                        0x20000100   Data           4  modeswitch_task.o(.data)
    SystemCoreClock                          0x2000010c   Data           4  system_stm32f4xx.o(.data)
    uwTick                                   0x20000110   Data           4  stm32f4xx_hal.o(.data)
    pxCurrentTCB                             0x20000148   Data           4  tasks.o(.data)
    hpcd_USB_OTG_FS                          0x20000188   Data         952  usbd_conf.o(.bss)
    hcan1                                    0x20000540   Data          64  can.o(.bss)
    hcan2                                    0x20000580   Data          64  can.o(.bss)
    htim4                                    0x20000640   Data          60  tim.o(.bss)
    htim5                                    0x2000067c   Data          60  tim.o(.bss)
    htim9                                    0x200006b8   Data          60  tim.o(.bss)
    RC_CtrlData                              0x200006f4   Data          22  usart.o(.bss)
    pc_data                                  0x2000070c   Data         516  usart.o(.bss)
    huart1                                   0x20000910   Data          64  usart.o(.bss)
    huart2                                   0x20000950   Data          64  usart.o(.bss)
    huart3                                   0x20000990   Data          64  usart.o(.bss)
    huart4                                   0x200009d0   Data          64  usart.o(.bss)
    huart6                                   0x20000a10   Data          64  usart.o(.bss)
    UART2RxDMA_Handler                       0x20000a50   Data          96  usart.o(.bss)
    UART3RxDMA_Handler                       0x20000ab0   Data          96  usart.o(.bss)
    UART6RxDMA_Handler                       0x20000b10   Data          96  usart.o(.bss)
    rc_RxBuffer                              0x20000b70   Data         128  usart.o(.bss)
    Rx_data                                  0x20000bf0   Data          14  usart.o(.bss)
    chassis                                  0x20000c00   Data         108  chassis_task.o(.bss)
    gim                                      0x20000c6c   Data         104  gimbal_task.o(.bss)
    shoot                                    0x20000cd4   Data          62  shoot_task.o(.bss)
    glb_cur                                  0x20000d12   Data          20  comm_task.o(.bss)
    JudgeDataBuffer                          0x20000d28   Data         150  judg_info.o(.bss)
    InfantryJudge                            0x20000dc0   Data          32  judg_info.o(.bss)
    bullet_data                              0x20000de0   Data          10  judg_info.o(.bss)
    GameRobotPos                             0x20000dea   Data          16  judg_info.o(.bss)
    moto_pit                                 0x20000dfc   Data          68  bsp_can.o(.bss)
    moto_yaw                                 0x20000e40   Data          68  bsp_can.o(.bss)
    moto_trigger                             0x20000e84   Data          68  bsp_can.o(.bss)
    moto_chassis                             0x20000ec8   Data         272  bsp_can.o(.bss)
    moto_friction                            0x20000fd8   Data         296  bsp_can.o(.bss)
    gyro_data                                0x20001100   Data          56  bsp_can.o(.bss)
    xQueueRegistry                           0x20001138   Data          64  queue.o(.bss)
    pid_auto_pit                             0x20004e90   Data          68  pid.o(.bss)
    pid_yaw                                  0x20004ed4   Data          68  pid.o(.bss)
    pid_pit                                  0x20004f18   Data          68  pid.o(.bss)
    pid_yaw_spd                              0x20004f5c   Data          68  pid.o(.bss)
    pid_pit_spd                              0x20004fa0   Data          68  pid.o(.bss)
    pid_rotate                               0x20004fe4   Data          68  pid.o(.bss)
    pid_spd                                  0x20005028   Data         272  pid.o(.bss)
    pid_fric_spd                             0x20005138   Data         136  pid.o(.bss)
    pid_trigger                              0x200051c0   Data          68  pid.o(.bss)
    pid_trigger_spd                          0x20005204   Data          68  pid.o(.bss)
    __initial_sp                             0x20005648   Data           0  startup_stm32f407xx.o(STACK)



==============================================================================

Memory Map of the image

  Image Entry point : 0x08000189

  Load Region LR_IROM1 (Base: 0x08000000, Size: 0x00009578, Max: 0x00080000, ABSOLUTE, COMPRESSED[0x00009410])

    Execution Region ER_IROM1 (Exec base: 0x08000000, Load base: 0x08000000, Size: 0x000093f0, Max: 0x00080000, ABSOLUTE)

    Exec Addr    Load Addr    Size         Type   Attr      Idx    E Section Name        Object

    0x08000000   0x08000000   0x00000188   Data   RO            3    RESET               startup_stm32f407xx.o
    0x08000188   0x08000188   0x00000000   Code   RO         8091  * .ARM.Collect$$$$00000000  mc_w.l(entry.o)
    0x08000188   0x08000188   0x00000004   Code   RO         8429    .ARM.Collect$$$$00000001  mc_w.l(entry2.o)
    0x0800018c   0x0800018c   0x00000004   Code   RO         8432    .ARM.Collect$$$$00000004  mc_w.l(entry5.o)
    0x08000190   0x08000190   0x00000000   Code   RO         8434    .ARM.Collect$$$$00000008  mc_w.l(entry7b.o)
    0x08000190   0x08000190   0x00000000   Code   RO         8436    .ARM.Collect$$$$0000000A  mc_w.l(entry8b.o)
    0x08000190   0x08000190   0x00000008   Code   RO         8437    .ARM.Collect$$$$0000000B  mc_w.l(entry9a.o)
    0x08000198   0x08000198   0x00000000   Code   RO         8439    .ARM.Collect$$$$0000000D  mc_w.l(entry10a.o)
    0x08000198   0x08000198   0x00000000   Code   RO         8441    .ARM.Collect$$$$0000000F  mc_w.l(entry11a.o)
    0x08000198   0x08000198   0x00000004   Code   RO         8430    .ARM.Collect$$$$00002712  mc_w.l(entry2.o)
    0x0800019c   0x0800019c   0x000000ba   Code   RO         6780    .emb_text           port.o
    0x08000256   0x08000256   0x00000002   PAD
    0x08000258   0x08000258   0x00000024   Code   RO            4    .text               startup_stm32f407xx.o
    0x0800027c   0x0800027c   0x00000024   Code   RO         8094    .text               mc_w.l(memcpya.o)
    0x080002a0   0x080002a0   0x00000024   Code   RO         8096    .text               mc_w.l(memseta.o)
    0x080002c4   0x080002c4   0x0000014e   Code   RO         8389    .text               mf_w.l(dadd.o)
    0x08000412   0x08000412   0x000000e4   Code   RO         8391    .text               mf_w.l(dmul.o)
    0x080004f6   0x080004f6   0x000000de   Code   RO         8393    .text               mf_w.l(ddiv.o)
    0x080005d4   0x080005d4   0x00000022   Code   RO         8395    .text               mf_w.l(dflti.o)
    0x080005f6   0x080005f6   0x00000026   Code   RO         8397    .text               mf_w.l(f2d.o)
    0x0800061c   0x0800061c   0x00000038   Code   RO         8399    .text               mf_w.l(d2f.o)
    0x08000654   0x08000654   0x0000002c   Code   RO         8443    .text               mc_w.l(uidiv.o)
    0x08000680   0x08000680   0x0000001e   Code   RO         8447    .text               mc_w.l(llshl.o)
    0x0800069e   0x0800069e   0x00000024   Code   RO         8449    .text               mc_w.l(llsshr.o)
    0x080006c2   0x080006c2   0x00000000   Code   RO         8460    .text               mc_w.l(iusefp.o)
    0x080006c2   0x080006c2   0x0000006e   Code   RO         8461    .text               mf_w.l(fepilogue.o)
    0x08000730   0x08000730   0x000000ba   Code   RO         8463    .text               mf_w.l(depilogue.o)
    0x080007ea   0x080007ea   0x00000002   PAD
    0x080007ec   0x080007ec   0x00000024   Code   RO         8481    .text               mc_w.l(init.o)
    0x08000810   0x08000810   0x00000020   Code   RO         8483    .text               mc_w.l(llushr.o)
    0x08000830   0x08000830   0x0000001a   Code   RO         8485    .text               mf_w.l(dfltui.o)
    0x0800084a   0x0800084a   0x0000003e   Code   RO         8487    .text               mf_w.l(dfixi.o)
    0x08000888   0x08000888   0x00000056   Code   RO         8497    .text               mc_w.l(__dczerorl2.o)
    0x080008de   0x080008de   0x00000002   Code   RO          323    i.BusFault_Handler  stm32f4xx_it.o
    0x080008e0   0x080008e0   0x0000000c   Code   RO          946    i.CAN1_RX0_IRQHandler  can.o
    0x080008ec   0x080008ec   0x0000000c   Code   RO          947    i.CAN2_RX0_IRQHandler  can.o
    0x080008f8   0x080008f8   0x0000012c   Code   RO         4566    i.CAN_Receive_IT    stm32f4xx_hal_can.o
    0x08000a24   0x08000a24   0x00000060   Code   RO         4567    i.CAN_Transmit_IT   stm32f4xx_hal_can.o
    0x08000a84   0x08000a84   0x00000028   Code   RO         2145    i.DMA_CalcBaseAndBitshift  stm32f4xx_hal_dma.o
    0x08000aac   0x08000aac   0x00000054   Code   RO         2146    i.DMA_CheckFifoParam  stm32f4xx_hal_dma.o
    0x08000b00   0x08000b00   0x00000028   Code   RO         2147    i.DMA_SetConfig     stm32f4xx_hal_dma.o
    0x08000b28   0x08000b28   0x00000002   Code   RO          324    i.DebugMon_Handler  stm32f4xx_it.o
    0x08000b2a   0x08000b2a   0x00000002   Code   RO          796    i.Error_Handler     main.o
    0x08000b2c   0x08000b2c   0x0000002c   Code   RO         1431    i.Get_CRC16_Check_Sum_1  judg_info.o
    0x08000b58   0x08000b58   0x000000a8   Code   RO         1073    i.Get_Remote_info   usart.o
    0x08000c00   0x08000c00   0x000000a8   Code   RO         1530    i.GimbalAngleLimit  info_interactive.o
    0x08000ca8   0x08000ca8   0x000000e4   Code   RO         4568    i.HAL_CAN_ConfigFilter  stm32f4xx_hal_can.o
    0x08000d8c   0x08000d8c   0x00000002   Code   RO         4570    i.HAL_CAN_ErrorCallback  stm32f4xx_hal_can.o
    0x08000d8e   0x08000d8e   0x00000002   PAD
    0x08000d90   0x08000d90   0x00000180   Code   RO         4573    i.HAL_CAN_IRQHandler  stm32f4xx_hal_can.o
    0x08000f10   0x08000f10   0x00000148   Code   RO         4574    i.HAL_CAN_Init      stm32f4xx_hal_can.o
    0x08001058   0x08001058   0x000000e0   Code   RO          948    i.HAL_CAN_MspInit   can.o
    0x08001138   0x08001138   0x00000086   Code   RO         4578    i.HAL_CAN_Receive_IT  stm32f4xx_hal_can.o
    0x080011be   0x080011be   0x00000002   PAD
    0x080011c0   0x080011c0   0x00000100   Code   RO         1672    i.HAL_CAN_RxCpltCallback  bsp_can.o
    0x080012c0   0x080012c0   0x00000194   Code   RO         4581    i.HAL_CAN_Transmit  stm32f4xx_hal_can.o
    0x08001454   0x08001454   0x00000002   Code   RO         4583    i.HAL_CAN_TxCpltCallback  stm32f4xx_hal_can.o
    0x08001456   0x08001456   0x00000002   PAD
    0x08001458   0x08001458   0x000000d0   Code   RO         2154    i.HAL_DMA_Init      stm32f4xx_hal_dma.o
    0x08001528   0x08001528   0x00000078   Code   RO         2158    i.HAL_DMA_Start_IT  stm32f4xx_hal_dma.o
    0x080015a0   0x080015a0   0x00000016   Code   RO         1822    i.HAL_Delay         stm32f4xx_hal.o
    0x080015b6   0x080015b6   0x00000002   PAD
    0x080015b8   0x080015b8   0x000001b0   Code   RO         3483    i.HAL_GPIO_Init     stm32f4xx_hal_gpio.o
    0x08001768   0x08001768   0x0000000a   Code   RO         3487    i.HAL_GPIO_WritePin  stm32f4xx_hal_gpio.o
    0x08001772   0x08001772   0x00000002   PAD
    0x08001774   0x08001774   0x0000000c   Code   RO         1828    i.HAL_GetTick       stm32f4xx_hal.o
    0x08001780   0x08001780   0x00000010   Code   RO         1829    i.HAL_IncTick       stm32f4xx_hal.o
    0x08001790   0x08001790   0x00000034   Code   RO         1830    i.HAL_Init          stm32f4xx_hal.o
    0x080017c4   0x080017c4   0x00000028   Code   RO         1831    i.HAL_InitTick      stm32f4xx_hal.o
    0x080017ec   0x080017ec   0x00000002   Code   RO         1833    i.HAL_MspInit       stm32f4xx_hal.o
    0x080017ee   0x080017ee   0x00000016   Code   RO         4276    i.HAL_NVIC_EnableIRQ  stm32f4xx_hal_cortex.o
    0x08001804   0x08001804   0x00000040   Code   RO         4282    i.HAL_NVIC_SetPriority  stm32f4xx_hal_cortex.o
    0x08001844   0x08001844   0x00000024   Code   RO         4283    i.HAL_NVIC_SetPriorityGrouping  stm32f4xx_hal_cortex.o
    0x08001868   0x08001868   0x00000008   Code   RO          438    i.HAL_PCD_ConnectCallback  usbd_conf.o
    0x08001870   0x08001870   0x00000012   Code   RO          439    i.HAL_PCD_DataInStageCallback  usbd_conf.o
    0x08001882   0x08001882   0x00000014   Code   RO          440    i.HAL_PCD_DataOutStageCallback  usbd_conf.o
    0x08001896   0x08001896   0x00000008   Code   RO          441    i.HAL_PCD_DisconnectCallback  usbd_conf.o
    0x0800189e   0x0800189e   0x00000050   Code   RO         2261    i.HAL_PCD_EP_ClrStall  stm32f4xx_hal_pcd.o
    0x080018ee   0x080018ee   0x00000054   Code   RO         2264    i.HAL_PCD_EP_Open   stm32f4xx_hal_pcd.o
    0x08001942   0x08001942   0x00000002   PAD
    0x08001944   0x08001944   0x0000005e   Code   RO         2265    i.HAL_PCD_EP_Receive  stm32f4xx_hal_pcd.o
    0x080019a2   0x080019a2   0x00000060   Code   RO         2266    i.HAL_PCD_EP_SetStall  stm32f4xx_hal_pcd.o
    0x08001a02   0x08001a02   0x00000056   Code   RO         2267    i.HAL_PCD_EP_Transmit  stm32f4xx_hal_pcd.o
    0x08001a58   0x08001a58   0x000004f4   Code   RO         2269    i.HAL_PCD_IRQHandler  stm32f4xx_hal_pcd.o
    0x08001f4c   0x08001f4c   0x00000008   Code   RO          442    i.HAL_PCD_ISOINIncompleteCallback  usbd_conf.o
    0x08001f54   0x08001f54   0x00000008   Code   RO          443    i.HAL_PCD_ISOOUTIncompleteCallback  usbd_conf.o
    0x08001f5c   0x08001f5c   0x00000020   Code   RO          446    i.HAL_PCD_ResetCallback  usbd_conf.o
    0x08001f7c   0x08001f7c   0x00000008   Code   RO          447    i.HAL_PCD_ResumeCallback  usbd_conf.o
    0x08001f84   0x08001f84   0x00000008   Code   RO          448    i.HAL_PCD_SOFCallback  usbd_conf.o
    0x08001f8c   0x08001f8c   0x00000024   Code   RO         2278    i.HAL_PCD_SetAddress  stm32f4xx_hal_pcd.o
    0x08001fb0   0x08001fb0   0x0000000e   Code   RO          449    i.HAL_PCD_SetupStageCallback  usbd_conf.o
    0x08001fbe   0x08001fbe   0x00000002   PAD
    0x08001fc0   0x08001fc0   0x00000030   Code   RO          450    i.HAL_PCD_SuspendCallback  usbd_conf.o
    0x08001ff0   0x08001ff0   0x0000017c   Code   RO         2023    i.HAL_RCC_ClockConfig  stm32f4xx_hal_rcc.o
    0x0800216c   0x0800216c   0x0000000c   Code   RO         2028    i.HAL_RCC_GetHCLKFreq  stm32f4xx_hal_rcc.o
    0x08002178   0x08002178   0x00000030   Code   RO         2030    i.HAL_RCC_GetPCLK1Freq  stm32f4xx_hal_rcc.o
    0x080021a8   0x080021a8   0x00000030   Code   RO         2031    i.HAL_RCC_GetPCLK2Freq  stm32f4xx_hal_rcc.o
    0x080021d8   0x080021d8   0x00000070   Code   RO         2032    i.HAL_RCC_GetSysClockFreq  stm32f4xx_hal_rcc.o
    0x08002248   0x08002248   0x000002e4   Code   RO         2035    i.HAL_RCC_OscConfig  stm32f4xx_hal_rcc.o
    0x0800252c   0x0800252c   0x00000018   Code   RO         4285    i.HAL_SYSTICK_CLKSourceConfig  stm32f4xx_hal_cortex.o
    0x08002544   0x08002544   0x00000028   Code   RO         4287    i.HAL_SYSTICK_Config  stm32f4xx_hal_cortex.o
    0x0800256c   0x0800256c   0x00000002   Code   RO         2962    i.HAL_TIMEx_BreakCallback  stm32f4xx_hal_tim_ex.o
    0x0800256e   0x0800256e   0x00000002   Code   RO         2963    i.HAL_TIMEx_CommutationCallback  stm32f4xx_hal_tim_ex.o
    0x08002570   0x08002570   0x00000002   Code   RO         3577    i.HAL_TIM_IC_CaptureCallback  stm32f4xx_hal_tim.o
    0x08002572   0x08002572   0x00000166   Code   RO         3590    i.HAL_TIM_IRQHandler  stm32f4xx_hal_tim.o
    0x080026d8   0x080026d8   0x00000094   Code   RO         1001    i.HAL_TIM_MspPostInit  tim.o
    0x0800276c   0x0800276c   0x00000002   Code   RO         3593    i.HAL_TIM_OC_DelayElapsedCallback  stm32f4xx_hal_tim.o
    0x0800276e   0x0800276e   0x000000d0   Code   RO         3614    i.HAL_TIM_PWM_ConfigChannel  stm32f4xx_hal_tim.o
    0x0800283e   0x0800283e   0x00000036   Code   RO         3617    i.HAL_TIM_PWM_Init  stm32f4xx_hal_tim.o
    0x08002874   0x08002874   0x00000060   Code   RO         1002    i.HAL_TIM_PWM_MspInit  tim.o
    0x080028d4   0x080028d4   0x00000002   Code   RO         3620    i.HAL_TIM_PWM_PulseFinishedCallback  stm32f4xx_hal_tim.o
    0x080028d6   0x080028d6   0x00000002   PAD
    0x080028d8   0x080028d8   0x00000038   Code   RO         3621    i.HAL_TIM_PWM_Start  stm32f4xx_hal_tim.o
    0x08002910   0x08002910   0x00000002   Code   RO         1003    i.HAL_TIM_PeriodElapsedCallback  tim.o
    0x08002912   0x08002912   0x00000002   Code   RO         3631    i.HAL_TIM_TriggerCallback  stm32f4xx_hal_tim.o
    0x08002914   0x08002914   0x00000002   Code   RO         5494    i.HAL_UART_ErrorCallback  stm32f4xx_hal_uart.o
    0x08002916   0x08002916   0x00000062   Code   RO         5498    i.HAL_UART_Init     stm32f4xx_hal_uart.o
    0x08002978   0x08002978   0x00000258   Code   RO         1075    i.HAL_UART_MspInit  usart.o
    0x08002bd0   0x08002bd0   0x00000090   Code   RO         5502    i.HAL_UART_Receive_DMA  stm32f4xx_hal_uart.o
    0x08002c60   0x08002c60   0x00000002   Code   RO         5504    i.HAL_UART_RxCpltCallback  stm32f4xx_hal_uart.o
    0x08002c62   0x08002c62   0x00000002   Code   RO         5505    i.HAL_UART_RxHalfCpltCallback  stm32f4xx_hal_uart.o
    0x08002c64   0x08002c64   0x000000ba   Code   RO         5506    i.HAL_UART_Transmit  stm32f4xx_hal_uart.o
    0x08002d1e   0x08002d1e   0x00000002   Code   RO          325    i.HardFault_Handler  stm32f4xx_it.o
    0x08002d20   0x08002d20   0x0000015c   Code   RO         1434    i.Judge_Receive     judg_info.o
    0x08002e7c   0x08002e7c   0x00000068   Code   RO          949    i.MX_CAN1_Init      can.o
    0x08002ee4   0x08002ee4   0x00000068   Code   RO          950    i.MX_CAN2_Init      can.o
    0x08002f4c   0x08002f4c   0x000000ac   Code   RO          911    i.MX_FREERTOS_Init  freertos.o
    0x08002ff8   0x08002ff8   0x00000128   Code   RO         1190    i.MX_GPIO_Init      gpio.o
    0x08003120   0x08003120   0x00000050   Code   RO         1004    i.MX_TIM4_Init      tim.o
    0x08003170   0x08003170   0x00000060   Code   RO         1006    i.MX_TIM9_Init      tim.o
    0x080031d0   0x080031d0   0x00000038   Code   RO         1076    i.MX_USART1_UART_Init  usart.o
    0x08003208   0x08003208   0x00000060   Code   RO         1077    i.MX_USART2_UART_Init  usart.o
    0x08003268   0x08003268   0x0000004c   Code   RO         1078    i.MX_USART3_UART_Init  usart.o
    0x080032b4   0x080032b4   0x00000050   Code   RO         1080    i.MX_USART6_UART_Init  usart.o
    0x08003304   0x08003304   0x00000002   Code   RO          326    i.MemManage_Handler  stm32f4xx_it.o
    0x08003306   0x08003306   0x00000002   Code   RO          327    i.NMI_Handler       stm32f4xx_it.o
    0x08003308   0x08003308   0x00000020   Code   RO         4289    i.NVIC_SetPriority  stm32f4xx_hal_cortex.o
    0x08003328   0x08003328   0x0000000c   Code   RO          328    i.OTG_FS_IRQHandler  stm32f4xx_it.o
    0x08003334   0x08003334   0x00000088   Code   RO         2283    i.PCD_WriteEmptyTxFifo  stm32f4xx_hal_pcd.o
    0x080033bc   0x080033bc   0x00000044   Code   RO         8000    i.PID_struct_init   pid.o
    0x08003400   0x08003400   0x00000008   Code   RO          912    i.StartDefaultTask  freertos.o
    0x08003408   0x08003408   0x0000000e   Code   RO          329    i.SysTick_Handler   stm32f4xx_it.o
    0x08003416   0x08003416   0x00000002   PAD
    0x08003418   0x08003418   0x000000a0   Code   RO          797    i.SystemClock_Config  main.o
    0x080034b8   0x080034b8   0x00000054   Code   RO         1779    i.SystemInit        system_stm32f4xx.o
    0x0800350c   0x0800350c   0x0000000c   Code   RO         1007    i.TIM5_IRQHandler   tim.o
    0x08003518   0x08003518   0x000000c0   Code   RO         3632    i.TIM_Base_SetConfig  stm32f4xx_hal_tim.o
    0x080035d8   0x080035d8   0x00000016   Code   RO         3633    i.TIM_CCxChannelCmd  stm32f4xx_hal_tim.o
    0x080035ee   0x080035ee   0x00000002   PAD
    0x080035f0   0x080035f0   0x00000058   Code   RO         3641    i.TIM_OC1_SetConfig  stm32f4xx_hal_tim.o
    0x08003648   0x08003648   0x00000064   Code   RO         3642    i.TIM_OC2_SetConfig  stm32f4xx_hal_tim.o
    0x080036ac   0x080036ac   0x00000060   Code   RO         3643    i.TIM_OC3_SetConfig  stm32f4xx_hal_tim.o
    0x0800370c   0x0800370c   0x00000050   Code   RO         3644    i.TIM_OC4_SetConfig  stm32f4xx_hal_tim.o
    0x0800375c   0x0800375c   0x0000004a   Code   RO         5512    i.UART_DMAError     stm32f4xx_hal_uart.o
    0x080037a6   0x080037a6   0x0000003c   Code   RO         5513    i.UART_DMAReceiveCplt  stm32f4xx_hal_uart.o
    0x080037e2   0x080037e2   0x0000000a   Code   RO         5514    i.UART_DMARxHalfCplt  stm32f4xx_hal_uart.o
    0x080037ec   0x080037ec   0x0000001c   Code   RO         5517    i.UART_EndRxTransfer  stm32f4xx_hal_uart.o
    0x08003808   0x08003808   0x00000012   Code   RO         5518    i.UART_EndTxTransfer  stm32f4xx_hal_uart.o
    0x0800381a   0x0800381a   0x00000002   PAD
    0x0800381c   0x0800381c   0x000002ac   Code   RO         5520    i.UART_SetConfig    stm32f4xx_hal_uart.o
    0x08003ac8   0x08003ac8   0x00000064   Code   RO         5522    i.UART_WaitOnFlagUntilTimeout  stm32f4xx_hal_uart.o
    0x08003b2c   0x08003b2c   0x000000a0   Code   RO         1081    i.USART2_IRQHandler  usart.o
    0x08003bcc   0x08003bcc   0x0000006c   Code   RO         1082    i.USART3_IRQHandler  usart.o
    0x08003c38   0x08003c38   0x00000220   Code   RO         1083    i.USART6_IRQHandler  usart.o
    0x08003e58   0x08003e58   0x0000000e   Code   RO         7829    i.USBD_ClrClassConfig  usbd_core.o
    0x08003e66   0x08003e66   0x00000010   Code   RO         7769    i.USBD_CtlContinueRx  usbd_ioreq.o
    0x08003e76   0x08003e76   0x00000010   Code   RO         7770    i.USBD_CtlContinueSendData  usbd_ioreq.o
    0x08003e86   0x08003e86   0x00000016   Code   RO         7598    i.USBD_CtlError     usbd_ctlreq.o
    0x08003e9c   0x08003e9c   0x00000016   Code   RO         7772    i.USBD_CtlReceiveStatus  usbd_ioreq.o
    0x08003eb2   0x08003eb2   0x0000001a   Code   RO         7773    i.USBD_CtlSendData  usbd_ioreq.o
    0x08003ecc   0x08003ecc   0x00000016   Code   RO         7774    i.USBD_CtlSendStatus  usbd_ioreq.o
    0x08003ee2   0x08003ee2   0x000000e0   Code   RO         7599    i.USBD_GetDescriptor  usbd_ctlreq.o
    0x08003fc2   0x08003fc2   0x0000000e   Code   RO          451    i.USBD_LL_ClearStallEP  usbd_conf.o
    0x08003fd0   0x08003fd0   0x000000aa   Code   RO         7832    i.USBD_LL_DataInStage  usbd_core.o
    0x0800407a   0x0800407a   0x0000006a   Code   RO         7833    i.USBD_LL_DataOutStage  usbd_core.o
    0x080040e4   0x080040e4   0x00000004   Code   RO         7834    i.USBD_LL_DevConnected  usbd_core.o
    0x080040e8   0x080040e8   0x00000016   Code   RO         7835    i.USBD_LL_DevDisconnected  usbd_core.o
    0x080040fe   0x080040fe   0x00000020   Code   RO          458    i.USBD_LL_IsStallEP  usbd_conf.o
    0x0800411e   0x0800411e   0x00000004   Code   RO         7836    i.USBD_LL_IsoINIncomplete  usbd_core.o
    0x08004122   0x08004122   0x00000004   Code   RO         7837    i.USBD_LL_IsoOUTIncomplete  usbd_core.o
    0x08004126   0x08004126   0x00000014   Code   RO          459    i.USBD_LL_OpenEP    usbd_conf.o
    0x0800413a   0x0800413a   0x0000000e   Code   RO          460    i.USBD_LL_PrepareReceive  usbd_conf.o
    0x08004148   0x08004148   0x0000003e   Code   RO         7838    i.USBD_LL_Reset     usbd_core.o
    0x08004186   0x08004186   0x0000000c   Code   RO         7839    i.USBD_LL_Resume    usbd_core.o
    0x08004192   0x08004192   0x00000018   Code   RO         7840    i.USBD_LL_SOF       usbd_core.o
    0x080041aa   0x080041aa   0x00000006   Code   RO         7841    i.USBD_LL_SetSpeed  usbd_core.o
    0x080041b0   0x080041b0   0x0000000e   Code   RO          461    i.USBD_LL_SetUSBAddress  usbd_conf.o
    0x080041be   0x080041be   0x0000005a   Code   RO         7842    i.USBD_LL_SetupStage  usbd_core.o
    0x08004218   0x08004218   0x0000000e   Code   RO          462    i.USBD_LL_StallEP   usbd_conf.o
    0x08004226   0x08004226   0x00000012   Code   RO         7843    i.USBD_LL_Suspend   usbd_core.o
    0x08004238   0x08004238   0x0000000e   Code   RO          465    i.USBD_LL_Transmit  usbd_conf.o
    0x08004246   0x08004246   0x00000028   Code   RO         7601    i.USBD_ParseSetupRequest  usbd_ctlreq.o
    0x0800426e   0x0800426e   0x00000016   Code   RO         7846    i.USBD_SetClassConfig  usbd_core.o
    0x08004284   0x08004284   0x00000074   Code   RO         7602    i.USBD_SetConfig    usbd_ctlreq.o
    0x080042f8   0x080042f8   0x000000f2   Code   RO         7603    i.USBD_StdDevReq    usbd_ctlreq.o
    0x080043ea   0x080043ea   0x000000dc   Code   RO         7604    i.USBD_StdEPReq     usbd_ctlreq.o
    0x080044c6   0x080044c6   0x00000034   Code   RO         7605    i.USBD_StdItfReq    usbd_ctlreq.o
    0x080044fa   0x080044fa   0x00000002   PAD
    0x080044fc   0x080044fc   0x00000080   Code   RO         2467    i.USB_ActivateEndpoint  stm32f4xx_ll_usb.o
    0x0800457c   0x0800457c   0x00000034   Code   RO         2468    i.USB_ActivateSetup  stm32f4xx_ll_usb.o
    0x080045b0   0x080045b0   0x00000140   Code   RO         2480    i.USB_EP0StartXfer  stm32f4xx_ll_usb.o
    0x080046f0   0x080046f0   0x0000003e   Code   RO         2481    i.USB_EP0_OutStart  stm32f4xx_ll_usb.o
    0x0800472e   0x0800472e   0x00000064   Code   RO         2482    i.USB_EPClearStall  stm32f4xx_ll_usb.o
    0x08004792   0x08004792   0x0000005e   Code   RO         2483    i.USB_EPSetStall    stm32f4xx_ll_usb.o
    0x080047f0   0x080047f0   0x0000021c   Code   RO         2484    i.USB_EPStartXfer   stm32f4xx_ll_usb.o
    0x08004a0c   0x08004a0c   0x00000024   Code   RO         2487    i.USB_FlushTxFifo   stm32f4xx_ll_usb.o
    0x08004a30   0x08004a30   0x0000003c   Code   RO         2489    i.USB_GetDevSpeed   stm32f4xx_ll_usb.o
    0x08004a6c   0x08004a6c   0x00000008   Code   RO         2491    i.USB_GetMode       stm32f4xx_ll_usb.o
    0x08004a74   0x08004a74   0x0000000e   Code   RO         2498    i.USB_ReadDevAllInEpInterrupt  stm32f4xx_ll_usb.o
    0x08004a82   0x08004a82   0x0000000e   Code   RO         2499    i.USB_ReadDevAllOutEpInterrupt  stm32f4xx_ll_usb.o
    0x08004a90   0x08004a90   0x0000001e   Code   RO         2500    i.USB_ReadDevInEPInterrupt  stm32f4xx_ll_usb.o
    0x08004aae   0x08004aae   0x00000010   Code   RO         2501    i.USB_ReadDevOutEPInterrupt  stm32f4xx_ll_usb.o
    0x08004abe   0x08004abe   0x00000008   Code   RO         2502    i.USB_ReadInterrupts  stm32f4xx_ll_usb.o
    0x08004ac6   0x08004ac6   0x00000020   Code   RO         2503    i.USB_ReadPacket    stm32f4xx_ll_usb.o
    0x08004ae6   0x08004ae6   0x00000022   Code   RO         2506    i.USB_SetDevAddress  stm32f4xx_ll_usb.o
    0x08004b08   0x08004b08   0x00000028   Code   RO         2510    i.USB_WritePacket   stm32f4xx_ll_usb.o
    0x08004b30   0x08004b30   0x00000002   Code   RO          330    i.UsageFault_Handler  stm32f4xx_it.o
    0x08004b32   0x08004b32   0x00000002   PAD
    0x08004b34   0x08004b34   0x0000003c   Code   RO         1435    i.Verify_CRC16_Check_Sum_1  judg_info.o
    0x08004b70   0x08004b70   0x00000020   Code   RO         8145    i.__0printf$1       mc_w.l(printf1.o)
    0x08004b90   0x08004b90   0x00000030   Code   RO         8477    i.__ARM_fpclassify  m_wm.l(fpclassify.o)
    0x08004bc0   0x08004bc0   0x000000c8   Code   RO         8067    i.__hardfp_cos      m_wm.l(cos.o)
    0x08004c88   0x08004c88   0x000000c8   Code   RO         8079    i.__hardfp_sin      m_wm.l(sin.o)
    0x08004d50   0x08004d50   0x00000438   Code   RO         8418    i.__ieee754_rem_pio2  m_wm.l(rred.o)
    0x08005188   0x08005188   0x00000170   Code   RO         8401    i.__kernel_cos      m_wm.l(cos_i.o)
    0x080052f8   0x080052f8   0x000000f8   Code   RO         8479    i.__kernel_poly     m_wm.l(poly.o)
    0x080053f0   0x080053f0   0x00000130   Code   RO         8423    i.__kernel_sin      m_wm.l(sin_i.o)
    0x08005520   0x08005520   0x00000014   Code   RO         8405    i.__mathlib_dbl_infnan  m_wm.l(dunder.o)
    0x08005534   0x08005534   0x00000004   PAD
    0x08005538   0x08005538   0x00000020   Code   RO         8407    i.__mathlib_dbl_invalid  m_wm.l(dunder.o)
    0x08005558   0x08005558   0x00000020   Code   RO         8410    i.__mathlib_dbl_underflow  m_wm.l(dunder.o)
    0x08005578   0x08005578   0x0000000e   Code   RO         8491    i.__scatterload_copy  mc_w.l(handlers.o)
    0x08005586   0x08005586   0x00000002   Code   RO         8492    i.__scatterload_null  mc_w.l(handlers.o)
    0x08005588   0x08005588   0x0000000e   Code   RO         8493    i.__scatterload_zeroinit  mc_w.l(handlers.o)
    0x08005596   0x08005596   0x00000002   PAD
    0x08005598   0x08005598   0x0000000c   Code   RO         8455    i.__set_errno       mc_w.l(errno.o)
    0x080055a4   0x080055a4   0x00000154   Code   RO         8152    i._printf_core      mc_w.l(printf1.o)
    0x080056f8   0x080056f8   0x0000002a   Code   RO         8001    i.abs_limit         pid.o
    0x08005722   0x08005722   0x00000002   PAD
    0x08005724   0x08005724   0x00000054   Code   RO         1398    i.can_msg_send_task  comm_task.o
    0x08005778   0x08005778   0x00000020   Code   RO         1674    i.can_receive_start  bsp_can.o
    0x08005798   0x08005798   0x0000009c   Code   RO         1214    i.chassis_param_init  chassis_task.o
    0x08005834   0x08005834   0x00000100   Code   RO         8002    i.chassis_pid_calc  pid.o
    0x08005934   0x08005934   0x000002b0   Code   RO         1215    i.chassis_task      chassis_task.o
    0x08005be4   0x08005be4   0x000000bc   Code   RO         1675    i.encoder_data_handler  bsp_can.o
    0x08005ca0   0x08005ca0   0x000000c0   Code   RO         1676    i.encoder_data_handler1  bsp_can.o
    0x08005d60   0x08005d60   0x00000078   Code   RO         1677    i.encoder_data_handler2  bsp_can.o
    0x08005dd8   0x08005dd8   0x00000018   Code   RO         8473    i.fabs              m_wm.l(fabs.o)
    0x08005df0   0x08005df0   0x00000014   Code   RO         1085    i.fputc             usart.o
    0x08005e04   0x08005e04   0x00000098   Code   RO         1531    i.get_chassis_info  info_interactive.o
    0x08005e9c   0x08005e9c   0x00000184   Code   RO         1532    i.get_gimbal_info   info_interactive.o
    0x08006020   0x08006020   0x000000c8   Code   RO         1629    i.get_main_ctrl_mode  modeswitch_task.o
    0x080060e8   0x080060e8   0x0000000c   Code   RO         1678    i.get_moto_offset   bsp_can.o
    0x080060f4   0x080060f4   0x000000d4   Code   RO         1533    i.get_shoot_info    info_interactive.o
    0x080061c8   0x080061c8   0x000000fc   Code   RO         1252    i.gimbal_param_init  gimbal_task.o
    0x080062c4   0x080062c4   0x00000138   Code   RO         1253    i.gimbal_task       gimbal_task.o
    0x080063fc   0x080063fc   0x00000060   Code   RO         1679    i.gyro_data_receive  bsp_can.o
    0x0800645c   0x0800645c   0x0000000c   Code   RO         6921    i.inHandlerMode     cmsis_os.o
    0x08006468   0x08006468   0x00000060   Code   RO         1370    i.info_get_task     info_get_task.o
    0x080064c8   0x080064c8   0x0000002c   Code   RO         1254    i.init_mode_handler  gimbal_task.o
    0x080064f4   0x080064f4   0x00000178   Code   RO         1534    i.keyboard_chassis_hook  info_interactive.o
    0x0800666c   0x0800666c   0x00000200   Code   RO         1535    i.keyboard_gimbal_hook  info_interactive.o
    0x0800686c   0x0800686c   0x0000005c   Code   RO         1536    i.keyboard_shoot_hook  info_interactive.o
    0x080068c8   0x080068c8   0x0000004c   Code   RO         1630    i.led_flicker       modeswitch_task.o
    0x08006914   0x08006914   0x0000004e   Code   RO          798    i.main              main.o
    0x08006962   0x08006962   0x0000000c   Code   RO         6923    i.makeFreeRtosPriority  cmsis_os.o
    0x0800696e   0x0800696e   0x00000002   PAD
    0x08006970   0x08006970   0x0000006c   Code   RO         1631    i.mode_swtich_task  modeswitch_task.o
    0x080069dc   0x080069dc   0x00000018   Code   RO         1255    i.normal_mode_handler  gimbal_task.o
    0x080069f4   0x080069f4   0x0000000e   Code   RO         6924    i.osDelay           cmsis_os.o
    0x08006a02   0x08006a02   0x0000000e   Code   RO         6925    i.osDelayUntil      cmsis_os.o
    0x08006a10   0x08006a10   0x0000000a   Code   RO         6927    i.osKernelStart     cmsis_os.o
    0x08006a1a   0x08006a1a   0x00000018   Code   RO         6928    i.osKernelSysTick   cmsis_os.o
    0x08006a32   0x08006a32   0x00000002   PAD
    0x08006a34   0x08006a34   0x00000058   Code   RO         6954    i.osSignalSet       cmsis_os.o
    0x08006a8c   0x08006a8c   0x00000056   Code   RO         6955    i.osSignalWait      cmsis_os.o
    0x08006ae2   0x08006ae2   0x00000014   Code   RO         6956    i.osSystickHandler  cmsis_os.o
    0x08006af6   0x08006af6   0x00000038   Code   RO         6957    i.osThreadCreate    cmsis_os.o
    0x08006b2e   0x08006b2e   0x00000002   PAD
    0x08006b30   0x08006b30   0x00000024   Code   RO         6968    i.osTimerCreate     cmsis_os.o
    0x08006b54   0x08006b54   0x0000005c   Code   RO         6970    i.osTimerStart      cmsis_os.o
    0x08006bb0   0x08006bb0   0x000000e6   Code   RO         8003    i.pid_calc          pid.o
    0x08006c96   0x08006c96   0x0000000e   Code   RO         8004    i.pid_param_init    pid.o
    0x08006ca4   0x08006ca4   0x00000020   Code   RO         8005    i.pid_reset         pid.o
    0x08006cc4   0x08006cc4   0x00000034   Code   RO         7254    i.prvAddCurrentTaskToDelayedList  tasks.o
    0x08006cf8   0x08006cf8   0x00000060   Code   RO         6622    i.prvCheckForValidListAndQueue  timers.o
    0x08006d58   0x08006d58   0x00000054   Code   RO         7255    i.prvCheckTasksWaitingTermination  tasks.o
    0x08006dac   0x08006dac   0x00000026   Code   RO         6455    i.prvCopyDataFromQueue  queue.o
    0x08006dd2   0x08006dd2   0x0000006e   Code   RO         6456    i.prvCopyDataToQueue  queue.o
    0x08006e40   0x08006e40   0x0000004c   Code   RO         6731    i.prvHeapInit       heap_4.o
    0x08006e8c   0x08006e8c   0x00000028   Code   RO         7256    i.prvIdleTask       tasks.o
    0x08006eb4   0x08006eb4   0x0000004c   Code   RO         6732    i.prvInsertBlockIntoFreeList  heap_4.o
    0x08006f00   0x08006f00   0x00000038   Code   RO         6623    i.prvInsertTimerInActiveList  timers.o
    0x08006f38   0x08006f38   0x000000bc   Code   RO         6624    i.prvProcessReceivedCommands  timers.o
    0x08006ff4   0x08006ff4   0x000000b8   Code   RO         6625    i.prvProcessTimerOrBlockTask  timers.o
    0x080070ac   0x080070ac   0x00000020   Code   RO         7258    i.prvResetNextTaskUnblockTime  tasks.o
    0x080070cc   0x080070cc   0x00000028   Code   RO         6626    i.prvSampleTimeNow  timers.o
    0x080070f4   0x080070f4   0x0000006c   Code   RO         6627    i.prvSwitchTimerLists  timers.o
    0x08007160   0x08007160   0x00000014   Code   RO         7259    i.prvTaskCheckFreeStackSpace  tasks.o
    0x08007174   0x08007174   0x00000028   Code   RO         6781    i.prvTaskExitError  port.o
    0x0800719c   0x0800719c   0x00000024   Code   RO         6628    i.prvTimerTask      timers.o
    0x080071c0   0x080071c0   0x00000064   Code   RO         6457    i.prvUnlockQueue    queue.o
    0x08007224   0x08007224   0x000000d8   Code   RO         6733    i.pvPortMalloc      heap_4.o
    0x080072fc   0x080072fc   0x00000018   Code   RO         7261    i.pvTaskIncrementMutexHeldCount  tasks.o
    0x08007314   0x08007314   0x00000028   Code   RO         6782    i.pxPortInitialiseStack  port.o
    0x0800733c   0x0800733c   0x00000038   Code   RO         7967    i.ramp_calc         ramp.o
    0x08007374   0x08007374   0x00000008   Code   RO         7968    i.ramp_init         ramp.o
    0x0800737c   0x0800737c   0x000000c8   Code   RO         1537    i.remote_ctrl_chassis_hook  info_interactive.o
    0x08007444   0x08007444   0x00000060   Code   RO         1538    i.remote_ctrl_gimbal_hook  info_interactive.o
    0x080074a4   0x080074a4   0x00000024   Code   RO         1539    i.remote_ctrl_shoot_hook  info_interactive.o
    0x080074c8   0x080074c8   0x00000054   Code   RO         1681    i.send_chassis_cur  bsp_can.o
    0x0800751c   0x0800751c   0x00000078   Code   RO         1540    i.send_chassis_motor_ctrl_message  info_interactive.o
    0x08007594   0x08007594   0x00000050   Code   RO         1682    i.send_gimbal_cur   bsp_can.o
    0x080075e4   0x080075e4   0x00000012   Code   RO         1541    i.send_gimbal_motor_ctrl_message  info_interactive.o
    0x080075f6   0x080075f6   0x00000002   PAD
    0x080075f8   0x080075f8   0x00000050   Code   RO         1683    i.send_shoot_cur    bsp_can.o
    0x08007648   0x08007648   0x00000010   Code   RO         1542    i.send_shoot_motor_ctrl_message  info_interactive.o
    0x08007658   0x08007658   0x000000ec   Code   RO         1312    i.shoot_buff_handler  shoot_task.o
    0x08007744   0x08007744   0x00000074   Code   RO         1256    i.shoot_buff_mode_handler  gimbal_task.o
    0x080077b8   0x080077b8   0x00000090   Code   RO         1313    i.shoot_keyboard_handler  shoot_task.o
    0x08007848   0x08007848   0x000000a0   Code   RO         1314    i.shoot_param_init  shoot_task.o
    0x080078e8   0x080078e8   0x0000004c   Code   RO         1315    i.shoot_remote_handler  shoot_task.o
    0x08007934   0x08007934   0x00000110   Code   RO         1316    i.shoot_task        shoot_task.o
    0x08007a44   0x08007a44   0x00000018   Code   RO         1257    i.supply_mode_handler  gimbal_task.o
    0x08007a5c   0x08007a5c   0x00000024   Code   RO         7559    i.uxListRemove      list.o
    0x08007a80   0x08007a80   0x00000010   Code   RO         7264    i.uxTaskGetStackHighWaterMark  tasks.o
    0x08007a90   0x08007a90   0x00000016   Code   RO         7560    i.vListInitialise   list.o
    0x08007aa6   0x08007aa6   0x00000006   Code   RO         7561    i.vListInitialiseItem  list.o
    0x08007aac   0x08007aac   0x00000030   Code   RO         7562    i.vListInsert       list.o
    0x08007adc   0x08007adc   0x00000018   Code   RO         7563    i.vListInsertEnd    list.o
    0x08007af4   0x08007af4   0x00000040   Code   RO         6784    i.vPortEnterCritical  port.o
    0x08007b34   0x08007b34   0x00000028   Code   RO         6785    i.vPortExitCritical  port.o
    0x08007b5c   0x08007b5c   0x0000005c   Code   RO         6734    i.vPortFree         heap_4.o
    0x08007bb8   0x08007bb8   0x00000020   Code   RO         6786    i.vPortSetupTimerInterrupt  port.o
    0x08007bd8   0x08007bd8   0x00000054   Code   RO         6787    i.vPortValidateInterruptPriority  port.o
    0x08007c2c   0x08007c2c   0x00000028   Code   RO         6463    i.vQueueAddToRegistry  queue.o
    0x08007c54   0x08007c54   0x0000003c   Code   RO         6467    i.vQueueWaitForMessageRestricted  queue.o
    0x08007c90   0x08007c90   0x00000068   Code   RO         7270    i.vTaskDelay        tasks.o
    0x08007cf8   0x08007cf8   0x000000a8   Code   RO         7271    i.vTaskDelayUntil   tasks.o
    0x08007da0   0x08007da0   0x0000000c   Code   RO         7274    i.vTaskMissedYield  tasks.o
    0x08007dac   0x08007dac   0x00000064   Code   RO         7276    i.vTaskPlaceOnEventList  tasks.o
    0x08007e10   0x08007e10   0x00000064   Code   RO         7277    i.vTaskPlaceOnEventListRestricted  tasks.o
    0x08007e74   0x08007e74   0x00000084   Code   RO         7279    i.vTaskPriorityInherit  tasks.o
    0x08007ef8   0x08007ef8   0x00000024   Code   RO         7283    i.vTaskSetTimeOutState  tasks.o
    0x08007f1c   0x08007f1c   0x00000070   Code   RO         7284    i.vTaskStartScheduler  tasks.o
    0x08007f8c   0x08007f8c   0x00000010   Code   RO         7286    i.vTaskSuspendAll   tasks.o
    0x08007f9c   0x08007f9c   0x0000005c   Code   RO         7287    i.vTaskSwitchContext  tasks.o
    0x08007ff8   0x08007ff8   0x000000e0   Code   RO         6788    i.xPortStartScheduler  port.o
    0x080080d8   0x080080d8   0x0000002c   Code   RO         6789    i.xPortSysTickHandler  port.o
    0x08008104   0x08008104   0x00000064   Code   RO         6469    i.xQueueGenericCreate  queue.o
    0x08008168   0x08008168   0x0000016c   Code   RO         6470    i.xQueueGenericReceive  queue.o
    0x080082d4   0x080082d4   0x00000084   Code   RO         6471    i.xQueueGenericReset  queue.o
    0x08008358   0x08008358   0x00000160   Code   RO         6472    i.xQueueGenericSend  queue.o
    0x080084b8   0x080084b8   0x000000b6   Code   RO         6473    i.xQueueGenericSendFromISR  queue.o
    0x0800856e   0x0800856e   0x00000002   PAD
    0x08008570   0x08008570   0x0000006c   Code   RO         7288    i.xTaskCheckForTimeOut  tasks.o
    0x080085dc   0x080085dc   0x000001bc   Code   RO         7289    i.xTaskGenericCreate  tasks.o
    0x08008798   0x08008798   0x000000cc   Code   RO         7290    i.xTaskGenericNotify  tasks.o
    0x08008864   0x08008864   0x000000ec   Code   RO         7291    i.xTaskGenericNotifyFromISR  tasks.o
    0x08008950   0x08008950   0x0000001c   Code   RO         7293    i.xTaskGetSchedulerState  tasks.o
    0x0800896c   0x0800896c   0x0000000c   Code   RO         7294    i.xTaskGetTickCount  tasks.o
    0x08008978   0x08008978   0x00000010   Code   RO         7295    i.xTaskGetTickCountFromISR  tasks.o
    0x08008988   0x08008988   0x000000cc   Code   RO         7296    i.xTaskIncrementTick  tasks.o
    0x08008a54   0x08008a54   0x000000b8   Code   RO         7298    i.xTaskNotifyWait   tasks.o
    0x08008b0c   0x08008b0c   0x00000098   Code   RO         7299    i.xTaskPriorityDisinherit  tasks.o
    0x08008ba4   0x08008ba4   0x00000074   Code   RO         7300    i.xTaskRemoveFromEventList  tasks.o
    0x08008c18   0x08008c18   0x000000c4   Code   RO         7302    i.xTaskResumeAll    tasks.o
    0x08008cdc   0x08008cdc   0x00000048   Code   RO         6631    i.xTimerCreate      timers.o
    0x08008d24   0x08008d24   0x0000004c   Code   RO         6632    i.xTimerCreateTimerTask  timers.o
    0x08008d70   0x08008d70   0x00000060   Code   RO         6633    i.xTimerGenericCommand  timers.o
    0x08008dd0   0x08008dd0   0x00000120   Code   RO         1684    i.zitai_data_receive  bsp_can.o
    0x08008ef0   0x08008ef0   0x0000006c   Data   RO          913    .constdata          freertos.o
    0x08008f5c   0x08008f5c   0x00000300   Data   RO         1439    .constdata          judg_info.o
    0x0800925c   0x0800925c   0x00000010   Data   RO         2036    .constdata          stm32f4xx_hal_rcc.o
    0x0800926c   0x0800926c   0x00000008   Data   RO         2160    .constdata          stm32f4xx_hal_dma.o
    0x08009274   0x08009274   0x00000004   PAD
    0x08009278   0x08009278   0x00000030   Data   RO         8402    .constdata          m_wm.l(cos_i.o)
    0x080092a8   0x080092a8   0x000000c8   Data   RO         8420    .constdata          m_wm.l(rred.o)
    0x08009370   0x08009370   0x00000028   Data   RO         8424    .constdata          m_wm.l(sin_i.o)
    0x08009398   0x08009398   0x00000035   Data   RO          914    .conststring        freertos.o
    0x080093cd   0x080093cd   0x00000003   PAD
    0x080093d0   0x080093d0   0x00000020   Data   RO         8489    Region$$Table       anon$$obj.o


    Execution Region RW_IRAM1 (Exec base: 0x20000000, Load base: 0x080093f0, Size: 0x00005648, Max: 0x00020000, ABSOLUTE, COMPRESSED[0x00000020])

    Exec Addr    Load Addr    Size         Type   Attr      Idx    E Section Name        Object

    0x20000000   COMPRESSED   0x0000001c   Data   RW          915    .data               freertos.o
    0x2000001c   COMPRESSED   0x00000008   Data   RW         1087    .data               usart.o
    0x20000024   COMPRESSED   0x00000004   Data   RW         1088    .data               usart.o
    0x20000028   COMPRESSED   0x00000003   Data   RW         1089    .data               usart.o
    0x2000002b   COMPRESSED   0x00000001   PAD
    0x2000002c   COMPRESSED   0x00000010   Data   RW         1217    .data               chassis_task.o
    0x2000003c   COMPRESSED   0x00000010   Data   RW         1259    .data               gimbal_task.o
    0x2000004c   COMPRESSED   0x0000000c   Data   RW         1318    .data               shoot_task.o
    0x20000058   COMPRESSED   0x0000000c   Data   RW         1371    .data               info_get_task.o
    0x20000064   COMPRESSED   0x00000004   Data   RW         1400    .data               comm_task.o
    0x20000068   COMPRESSED   0x00000014   Data   RW         1440    .data               judg_info.o
    0x2000007c   COMPRESSED   0x00000074   Data   RW         1543    .data               info_interactive.o
    0x200000f0   COMPRESSED   0x00000014   Data   RW         1632    .data               modeswitch_task.o
    0x20000104   COMPRESSED   0x00000006   Data   RW         1689    .data               bsp_can.o
    0x2000010a   COMPRESSED   0x00000002   PAD
    0x2000010c   COMPRESSED   0x00000004   Data   RW         1781    .data               system_stm32f4xx.o
    0x20000110   COMPRESSED   0x00000004   Data   RW         1836    .data               stm32f4xx_hal.o
    0x20000114   COMPRESSED   0x00000010   Data   RW         6636    .data               timers.o
    0x20000124   COMPRESSED   0x00000018   Data   RW         6739    .data               heap_4.o
    0x2000013c   COMPRESSED   0x0000000c   Data   RW         6790    .data               port.o
    0x20000148   COMPRESSED   0x00000038   Data   RW         7305    .data               tasks.o
    0x20000180   COMPRESSED   0x00000001   Data   RW         7606    .data               usbd_ctlreq.o
    0x20000181   COMPRESSED   0x00000003   PAD
    0x20000184   COMPRESSED   0x00000004   Data   RW         8456    .data               mc_w.l(errno.o)
    0x20000188        -       0x000003b8   Zero   RW          466    .bss                usbd_conf.o
    0x20000540        -       0x00000100   Zero   RW          951    .bss                can.o
    0x20000640        -       0x000000b4   Zero   RW         1008    .bss                tim.o
    0x200006f4        -       0x0000050a   Zero   RW         1086    .bss                usart.o
    0x20000bfe   COMPRESSED   0x00000002   PAD
    0x20000c00        -       0x0000006c   Zero   RW         1216    .bss                chassis_task.o
    0x20000c6c        -       0x00000068   Zero   RW         1258    .bss                gimbal_task.o
    0x20000cd4        -       0x0000003e   Zero   RW         1317    .bss                shoot_task.o
    0x20000d12        -       0x00000014   Zero   RW         1399    .bss                comm_task.o
    0x20000d26   COMPRESSED   0x00000002   PAD
    0x20000d28        -       0x000000d2   Zero   RW         1437    .bss                judg_info.o
    0x20000dfa   COMPRESSED   0x00000002   PAD
    0x20000dfc        -       0x0000033c   Zero   RW         1685    .bss                bsp_can.o
    0x20001138        -       0x00000040   Zero   RW         6479    .bss                queue.o
    0x20001178        -       0x00000028   Zero   RW         6635    .bss                timers.o
    0x200011a0        -       0x00003c00   Zero   RW         6738    .bss                heap_4.o
    0x20004da0        -       0x000000f0   Zero   RW         7304    .bss                tasks.o
    0x20004e90        -       0x00000044   Zero   RW         8007    .bss                pid.o
    0x20004ed4        -       0x00000044   Zero   RW         8008    .bss                pid.o
    0x20004f18        -       0x00000044   Zero   RW         8009    .bss                pid.o
    0x20004f5c        -       0x00000044   Zero   RW         8010    .bss                pid.o
    0x20004fa0        -       0x00000044   Zero   RW         8011    .bss                pid.o
    0x20004fe4        -       0x00000044   Zero   RW         8012    .bss                pid.o
    0x20005028        -       0x00000110   Zero   RW         8014    .bss                pid.o
    0x20005138        -       0x00000088   Zero   RW         8016    .bss                pid.o
    0x200051c0        -       0x00000044   Zero   RW         8017    .bss                pid.o
    0x20005204        -       0x00000044   Zero   RW         8018    .bss                pid.o
    0x20005248        -       0x00000400   Zero   RW            1    STACK               startup_stm32f407xx.o


==============================================================================

Image component sizes


      Code (inc. data)   RO Data    RW Data    ZI Data      Debug   Object Name

      1428        106          0          6        828       9509   bsp_can.o
       456         54          0          0        256       3434   can.o
       844        108          0         16        108       2730   chassis_task.o
       464         16          0          0          0      20389   cmsis_os.o
        84          8          0          4         20       1487   comm_task.o
       180         10        161         28          0       2079   freertos.o
       772        144          0         16        104       5313   gimbal_task.o
       296         24          0          0          0       1079   gpio.o
       460         24          0         24      15360       4759   heap_4.o
        96          4          0         12          0        941   info_get_task.o
      2386        332          0        116          0       9153   info_interactive.o
       452         22        768         20        210       4428   judg_info.o
       136          0          0          0          0       3530   list.o
       240         10          0          0          0       6240   main.o
       384         48          0         20          0       2547   modeswitch_task.o
       642         18          0          0        952       5781   pid.o
       754         84          0         12          0       9265   port.o
      1478         22          0          0         64      21377   queue.o
        64          6          0          0          0       1820   ramp.o
       888        116          0         12         62       4243   shoot_task.o
        36          8        392          0       1024        832   startup_stm32f407xx.o
       144         22          0          4          0       4677   stm32f4xx_hal.o
      1878         38          0          0          0       7776   stm32f4xx_hal_can.o
       218         14          0          0          0      31021   stm32f4xx_hal_cortex.o
       492         12          8          0          0       4634   stm32f4xx_hal_dma.o
       442         44          0          0          0       2516   stm32f4xx_hal_gpio.o
      1880         72          0          0          0       8475   stm32f4xx_hal_pcd.o
      1340         76         16          0          0       5887   stm32f4xx_hal_rcc.o
      1262         88          0          0          0      11050   stm32f4xx_hal_tim.o
         4          0          0          0          0       1606   stm32f4xx_hal_tim_ex.o
      1408         20          0          0          0       9480   stm32f4xx_hal_uart.o
        38          6          0          0          0      21963   stm32f4xx_it.o
      1588         20          0          0          0      13496   stm32f4xx_ll_usb.o
         0          0          0          0          0       1472   syscall.o
        84         18          0          4          0       1333   system_stm32f4xx.o
      3040        250          0         56        240      29280   tasks.o
       434         70          0          0        180       3936   tim.o
       952         82          0         16         40      15858   timers.o
      1908        186          0         15       1290      10124   usart.o
         0          0          0          0          0     336036   usbd_cdc_if.o
       302          4          0          0        952      10811   usbd_conf.o
       558          0          0          0          0       9848   usbd_core.o
       916         30          0          1          0       7095   usbd_ctlreq.o
       102          0          0          0          0       3788   usbd_ioreq.o

    ----------------------------------------------------------------------
     31570       2216       1384        388      21696     673098   Object Totals
         0          0         32          0          0          0   (incl. Generated)
        40          0          7          6          6          0   (incl. Padding)

    ----------------------------------------------------------------------

      Code (inc. data)   RO Data    RW Data    ZI Data      Debug   Library Member Name

       200         20          0          0          0        164   cos.o
       368         46         48          0          0        200   cos_i.o
        84         16          0          0          0        372   dunder.o
        24          0          0          0          0        124   fabs.o
        48          0          0          0          0        124   fpclassify.o
       248          0          0          0          0        152   poly.o
      1080        142        200          0          0        188   rred.o
       200         20          0          0          0        164   sin.o
       304         24         40          0          0        208   sin_i.o
        86          0          0          0          0          0   __dczerorl2.o
         0          0          0          0          0          0   entry.o
         0          0          0          0          0          0   entry10a.o
         0          0          0          0          0          0   entry11a.o
         8          4          0          0          0          0   entry2.o
         4          0          0          0          0          0   entry5.o
         0          0          0          0          0          0   entry7b.o
         0          0          0          0          0          0   entry8b.o
         8          4          0          0          0          0   entry9a.o
        12          6          0          4          0         68   errno.o
        30          0          0          0          0          0   handlers.o
        36          8          0          0          0         68   init.o
         0          0          0          0          0          0   iusefp.o
        30          0          0          0          0         68   llshl.o
        36          0          0          0          0         68   llsshr.o
        32          0          0          0          0         68   llushr.o
        36          0          0          0          0         68   memcpya.o
        36          0          0          0          0        108   memseta.o
       372         14          0          0          0        184   printf1.o
        44          0          0          0          0         80   uidiv.o
        56          0          0          0          0         88   d2f.o
       334          0          0          0          0        148   dadd.o
       222          0          0          0          0        100   ddiv.o
       186          0          0          0          0        176   depilogue.o
        62          0          0          0          0         80   dfixi.o
        34          0          0          0          0         76   dflti.o
        26          0          0          0          0         76   dfltui.o
       228          0          0          0          0         96   dmul.o
        38          0          0          0          0         68   f2d.o
       110          0          0          0          0        168   fepilogue.o

    ----------------------------------------------------------------------
      4630        304        288          4          0       3552   Library Totals
         8          0          0          0          0          0   (incl. Padding)

    ----------------------------------------------------------------------

      Code (inc. data)   RO Data    RW Data    ZI Data      Debug   Library Name

      2556        268        288          0          0       1696   m_wm.l
       770         36          0          4          0        780   mc_w.l
      1296          0          0          0          0       1076   mf_w.l

    ----------------------------------------------------------------------
      4630        304        288          4          0       3552   Library Totals

    ----------------------------------------------------------------------

==============================================================================


      Code (inc. data)   RO Data    RW Data    ZI Data      Debug   

     36200       2520       1672        392      21696     646350   Grand Totals
     36200       2520       1672         32      21696     646350   ELF Image Totals (compressed)
     36200       2520       1672         32          0          0   ROM Totals

==============================================================================

    Total RO  Size (Code + RO Data)                37872 (  36.98kB)
    Total RW  Size (RW Data + ZI Data)             22088 (  21.57kB)
    Total ROM Size (Code + RO Data + RW Data)      37904 (  37.02kB)

==============================================================================

